Archive member included to satisfy reference by file (symbol)

.\CortexM3\ARM_GCC_541\Debug\IoT2_labo_SPI.a(SPIM.o)
                              .\CortexM3\ARM_GCC_541\Debug\main.o (SPIM_ReadTxStatus)
.\CortexM3\ARM_GCC_541\Debug\IoT2_labo_SPI.a(SWITCHES.o)
                              .\CortexM3\ARM_GCC_541\Debug\main.o (SWITCHES_Read)
.\CortexM3\ARM_GCC_541\Debug\IoT2_labo_SPI.a(LEDS.o)
                              .\CortexM3\ARM_GCC_541\Debug\main.o (LEDS_Write)
.\CortexM3\ARM_GCC_541\Debug\IoT2_labo_SPI.a(SPIM_IntClock.o)
                              .\CortexM3\ARM_GCC_541\Debug\IoT2_labo_SPI.a(SPIM.o) (SPIM_IntClock_Start)
.\CortexM3\ARM_GCC_541\Debug\IoT2_labo_SPI.a(CyLib.o)
                              .\CortexM3\ARM_GCC_541\Debug\Cm3Start.o (CyHalt)
.\CortexM3\ARM_GCC_541\Debug\IoT2_labo_SPI.a(cyPm.o)
                              .\CortexM3\ARM_GCC_541\Debug\IoT2_labo_SPI.a(CyLib.o) (CyPmReadStatus)
.\CortexM3\ARM_GCC_541\Debug\IoT2_labo_SPI.a(UART.o)
                              .\CortexM3\ARM_GCC_541\Debug\main.o (UART_Start)
.\CortexM3\ARM_GCC_541\Debug\IoT2_labo_SPI.a(UART_IntClock.o)
                              .\CortexM3\ARM_GCC_541\Debug\IoT2_labo_SPI.a(UART.o) (UART_IntClock_Start)
.\CortexM3\ARM_GCC_541\Debug\IoT2_labo_SPI.a(CyBootAsmGnu.o)
                              .\CortexM3\ARM_GCC_541\Debug\cyfitter_cfg.o (CyDelayCycles)
.\CortexM3\ARM_GCC_541\Debug\IoT2_labo_SPI.a(CyFlash.o)
                              .\CortexM3\ARM_GCC_541\Debug\IoT2_labo_SPI.a(cyPm.o) (CyFlash_SetWaitCycles)
.\CortexM3\ARM_GCC_541\Debug\IoT2_labo_SPI.a(CySpc.o)
                              .\CortexM3\ARM_GCC_541\Debug\IoT2_labo_SPI.a(CyFlash.o) (CySpcStart)
c:/program files (x86)/cypress/psoc creator/4.1/psoc creator/import/gnu/arm/5.4.1/bin/../lib/gcc/arm-none-eabi/5.4.1/../../../../arm-none-eabi/lib/armv7-m\libg_nano.a(lib_a-errno.o)
                              .\CortexM3\ARM_GCC_541\Debug\Cm3Start.o (__errno)
c:/program files (x86)/cypress/psoc creator/4.1/psoc creator/import/gnu/arm/5.4.1/bin/../lib/gcc/arm-none-eabi/5.4.1/../../../../arm-none-eabi/lib/armv7-m\libg_nano.a(lib_a-exit.o)
                              c:/program files (x86)/cypress/psoc creator/4.1/psoc creator/import/gnu/arm/5.4.1/bin/../lib/gcc/arm-none-eabi/5.4.1/../../../../arm-none-eabi/lib/armv7-m/crt0.o (exit)
c:/program files (x86)/cypress/psoc creator/4.1/psoc creator/import/gnu/arm/5.4.1/bin/../lib/gcc/arm-none-eabi/5.4.1/../../../../arm-none-eabi/lib/armv7-m\libg_nano.a(lib_a-impure.o)
                              c:/program files (x86)/cypress/psoc creator/4.1/psoc creator/import/gnu/arm/5.4.1/bin/../lib/gcc/arm-none-eabi/5.4.1/../../../../arm-none-eabi/lib/armv7-m\libg_nano.a(lib_a-exit.o) (_global_impure_ptr)
c:/program files (x86)/cypress/psoc creator/4.1/psoc creator/import/gnu/arm/5.4.1/bin/../lib/gcc/arm-none-eabi/5.4.1/../../../../arm-none-eabi/lib/armv7-m\libg_nano.a(lib_a-init.o)
                              c:/program files (x86)/cypress/psoc creator/4.1/psoc creator/import/gnu/arm/5.4.1/bin/../lib/gcc/arm-none-eabi/5.4.1/../../../../arm-none-eabi/lib/armv7-m/crt0.o (__libc_init_array)
c:/program files (x86)/cypress/psoc creator/4.1/psoc creator/import/gnu/arm/5.4.1/bin/../lib/gcc/arm-none-eabi/5.4.1/../../../../arm-none-eabi/lib/armv7-m\libg_nano.a(lib_a-memcpy-stub.o)
                              .\CortexM3\ARM_GCC_541\Debug\cyfitter_cfg.o (memcpy)
c:/program files (x86)/cypress/psoc creator/4.1/psoc creator/import/gnu/arm/5.4.1/bin/../lib/gcc/arm-none-eabi/5.4.1/../../../../arm-none-eabi/lib/armv7-m\libg_nano.a(lib_a-memset.o)
                              c:/program files (x86)/cypress/psoc creator/4.1/psoc creator/import/gnu/arm/5.4.1/bin/../lib/gcc/arm-none-eabi/5.4.1/../../../../arm-none-eabi/lib/armv7-m/crt0.o (memset)

Allocating common symbols
Common symbol       size              file

SPIM_swStatusTx     0x1               .\CortexM3\ARM_GCC_541\Debug\IoT2_labo_SPI.a(SPIM.o)
dieTemperature      0x2               .\CortexM3\ARM_GCC_541\Debug\IoT2_labo_SPI.a(CyFlash.o)
SPIM_swStatusRx     0x1               .\CortexM3\ARM_GCC_541\Debug\IoT2_labo_SPI.a(SPIM.o)

Discarded input sections

 .text          0x00000000        0x0 c:/program files (x86)/cypress/psoc creator/4.1/psoc creator/import/gnu/arm/5.4.1/bin/../lib/gcc/arm-none-eabi/5.4.1/armv7-m/crti.o
 .data          0x00000000        0x0 c:/program files (x86)/cypress/psoc creator/4.1/psoc creator/import/gnu/arm/5.4.1/bin/../lib/gcc/arm-none-eabi/5.4.1/armv7-m/crti.o
 .bss           0x00000000        0x0 c:/program files (x86)/cypress/psoc creator/4.1/psoc creator/import/gnu/arm/5.4.1/bin/../lib/gcc/arm-none-eabi/5.4.1/armv7-m/crti.o
 .data          0x00000000        0x4 c:/program files (x86)/cypress/psoc creator/4.1/psoc creator/import/gnu/arm/5.4.1/bin/../lib/gcc/arm-none-eabi/5.4.1/armv7-m/crtbegin.o
 .text          0x00000000       0x74 c:/program files (x86)/cypress/psoc creator/4.1/psoc creator/import/gnu/arm/5.4.1/bin/../lib/gcc/arm-none-eabi/5.4.1/../../../../arm-none-eabi/lib/armv7-m/crt0.o
 .data          0x00000000        0x0 c:/program files (x86)/cypress/psoc creator/4.1/psoc creator/import/gnu/arm/5.4.1/bin/../lib/gcc/arm-none-eabi/5.4.1/../../../../arm-none-eabi/lib/armv7-m/crt0.o
 .bss           0x00000000        0x0 c:/program files (x86)/cypress/psoc creator/4.1/psoc creator/import/gnu/arm/5.4.1/bin/../lib/gcc/arm-none-eabi/5.4.1/../../../../arm-none-eabi/lib/armv7-m/crt0.o
 .ARM.extab     0x00000000        0x0 c:/program files (x86)/cypress/psoc creator/4.1/psoc creator/import/gnu/arm/5.4.1/bin/../lib/gcc/arm-none-eabi/5.4.1/../../../../arm-none-eabi/lib/armv7-m/crt0.o
 .ARM.exidx     0x00000000        0x8 c:/program files (x86)/cypress/psoc creator/4.1/psoc creator/import/gnu/arm/5.4.1/bin/../lib/gcc/arm-none-eabi/5.4.1/../../../../arm-none-eabi/lib/armv7-m/crt0.o
 .text          0x00000000        0x0 .\CortexM3\ARM_GCC_541\Debug\main.o
 .bss           0x00000000        0x0 .\CortexM3\ARM_GCC_541\Debug\main.o
 .text          0x00000000        0x0 .\CortexM3\ARM_GCC_541\Debug\cyfitter_cfg.o
 .data          0x00000000        0x0 .\CortexM3\ARM_GCC_541\Debug\cyfitter_cfg.o
 .bss           0x00000000        0x0 .\CortexM3\ARM_GCC_541\Debug\cyfitter_cfg.o
 .text.SetAnalogRoutingPumps
                0x00000000       0x10 .\CortexM3\ARM_GCC_541\Debug\cyfitter_cfg.o
 .text          0x00000000        0x0 .\CortexM3\ARM_GCC_541\Debug\cymetadata.o
 .data          0x00000000        0x0 .\CortexM3\ARM_GCC_541\Debug\cymetadata.o
 .bss           0x00000000        0x0 .\CortexM3\ARM_GCC_541\Debug\cymetadata.o
 .text          0x00000000        0x0 .\CortexM3\ARM_GCC_541\Debug\Cm3Start.o
 .data          0x00000000        0x4 .\CortexM3\ARM_GCC_541\Debug\Cm3Start.o
 .bss           0x00000000        0x0 .\CortexM3\ARM_GCC_541\Debug\Cm3Start.o
 .text._exit    0x00000000        0xc .\CortexM3\ARM_GCC_541\Debug\Cm3Start.o
 .text._sbrk    0x00000000       0x30 .\CortexM3\ARM_GCC_541\Debug\Cm3Start.o
 .text          0x00000000        0x0 .\CortexM3\ARM_GCC_541\Debug\IoT2_labo_SPI.a(SPIM.o)
 .data          0x00000000        0x0 .\CortexM3\ARM_GCC_541\Debug\IoT2_labo_SPI.a(SPIM.o)
 .text.SPIM_Stop
                0x00000000       0x28 .\CortexM3\ARM_GCC_541\Debug\IoT2_labo_SPI.a(SPIM.o)
 .text.SPIM_EnableTxInt
                0x00000000        0x4 .\CortexM3\ARM_GCC_541\Debug\IoT2_labo_SPI.a(SPIM.o)
 .text.SPIM_EnableRxInt
                0x00000000        0x4 .\CortexM3\ARM_GCC_541\Debug\IoT2_labo_SPI.a(SPIM.o)
 .text.SPIM_DisableTxInt
                0x00000000        0x4 .\CortexM3\ARM_GCC_541\Debug\IoT2_labo_SPI.a(SPIM.o)
 .text.SPIM_DisableRxInt
                0x00000000        0x4 .\CortexM3\ARM_GCC_541\Debug\IoT2_labo_SPI.a(SPIM.o)
 .text.SPIM_SetTxInterruptMode
                0x00000000        0xc .\CortexM3\ARM_GCC_541\Debug\IoT2_labo_SPI.a(SPIM.o)
 .text.SPIM_SetRxInterruptMode
                0x00000000        0xc .\CortexM3\ARM_GCC_541\Debug\IoT2_labo_SPI.a(SPIM.o)
 .text.SPIM_ReadRxData
                0x00000000        0xc .\CortexM3\ARM_GCC_541\Debug\IoT2_labo_SPI.a(SPIM.o)
 .text.SPIM_GetRxBufferSize
                0x00000000       0x18 .\CortexM3\ARM_GCC_541\Debug\IoT2_labo_SPI.a(SPIM.o)
 .text.SPIM_GetTxBufferSize
                0x00000000       0x24 .\CortexM3\ARM_GCC_541\Debug\IoT2_labo_SPI.a(SPIM.o)
 .text.SPIM_ClearRxBuffer
                0x00000000       0x1c .\CortexM3\ARM_GCC_541\Debug\IoT2_labo_SPI.a(SPIM.o)
 .text.SPIM_ClearTxBuffer
                0x00000000       0x34 .\CortexM3\ARM_GCC_541\Debug\IoT2_labo_SPI.a(SPIM.o)
 .text.SPIM_PutArray
                0x00000000       0x20 .\CortexM3\ARM_GCC_541\Debug\IoT2_labo_SPI.a(SPIM.o)
 .text.SPIM_EnableInt
                0x00000000        0x4 .\CortexM3\ARM_GCC_541\Debug\IoT2_labo_SPI.a(SPIM.o)
 .text.SPIM_DisableInt
                0x00000000        0x4 .\CortexM3\ARM_GCC_541\Debug\IoT2_labo_SPI.a(SPIM.o)
 .text.SPIM_SetInterruptMode
                0x00000000       0x14 .\CortexM3\ARM_GCC_541\Debug\IoT2_labo_SPI.a(SPIM.o)
 .text.SPIM_ReadStatus
                0x00000000       0x18 .\CortexM3\ARM_GCC_541\Debug\IoT2_labo_SPI.a(SPIM.o)
 COMMON         0x00000000        0x2 .\CortexM3\ARM_GCC_541\Debug\IoT2_labo_SPI.a(SPIM.o)
 .text          0x00000000        0x0 .\CortexM3\ARM_GCC_541\Debug\IoT2_labo_SPI.a(SWITCHES.o)
 .data          0x00000000        0x0 .\CortexM3\ARM_GCC_541\Debug\IoT2_labo_SPI.a(SWITCHES.o)
 .bss           0x00000000        0x0 .\CortexM3\ARM_GCC_541\Debug\IoT2_labo_SPI.a(SWITCHES.o)
 .text.SWITCHES_InterruptEnable
                0x00000000       0x1c .\CortexM3\ARM_GCC_541\Debug\IoT2_labo_SPI.a(SWITCHES.o)
 .text.SWITCHES_InterruptDisable
                0x00000000       0x1c .\CortexM3\ARM_GCC_541\Debug\IoT2_labo_SPI.a(SWITCHES.o)
 .text.SWITCHES_WriteMask
                0x00000000       0x10 .\CortexM3\ARM_GCC_541\Debug\IoT2_labo_SPI.a(SWITCHES.o)
 .text.SWITCHES_ReadMask
                0x00000000        0xc .\CortexM3\ARM_GCC_541\Debug\IoT2_labo_SPI.a(SWITCHES.o)
 .text          0x00000000        0x0 .\CortexM3\ARM_GCC_541\Debug\IoT2_labo_SPI.a(LEDS.o)
 .data          0x00000000        0x0 .\CortexM3\ARM_GCC_541\Debug\IoT2_labo_SPI.a(LEDS.o)
 .bss           0x00000000        0x0 .\CortexM3\ARM_GCC_541\Debug\IoT2_labo_SPI.a(LEDS.o)
 .text.LEDS_Read
                0x00000000        0xc .\CortexM3\ARM_GCC_541\Debug\IoT2_labo_SPI.a(LEDS.o)
 .text          0x00000000        0x0 .\CortexM3\ARM_GCC_541\Debug\IoT2_labo_SPI.a(SPIM_IntClock.o)
 .data          0x00000000        0x0 .\CortexM3\ARM_GCC_541\Debug\IoT2_labo_SPI.a(SPIM_IntClock.o)
 .bss           0x00000000        0x0 .\CortexM3\ARM_GCC_541\Debug\IoT2_labo_SPI.a(SPIM_IntClock.o)
 .text.SPIM_IntClock_Stop
                0x00000000       0x1c .\CortexM3\ARM_GCC_541\Debug\IoT2_labo_SPI.a(SPIM_IntClock.o)
 .text.SPIM_IntClock_StopBlock
                0x00000000       0x6c .\CortexM3\ARM_GCC_541\Debug\IoT2_labo_SPI.a(SPIM_IntClock.o)
 .text.SPIM_IntClock_StandbyPower
                0x00000000       0x20 .\CortexM3\ARM_GCC_541\Debug\IoT2_labo_SPI.a(SPIM_IntClock.o)
 .text.SPIM_IntClock_GetDividerRegister
                0x00000000        0xc .\CortexM3\ARM_GCC_541\Debug\IoT2_labo_SPI.a(SPIM_IntClock.o)
 .text.SPIM_IntClock_SetModeRegister
                0x00000000       0x14 .\CortexM3\ARM_GCC_541\Debug\IoT2_labo_SPI.a(SPIM_IntClock.o)
 .text.SPIM_IntClock_ClearModeRegister
                0x00000000       0x18 .\CortexM3\ARM_GCC_541\Debug\IoT2_labo_SPI.a(SPIM_IntClock.o)
 .text.SPIM_IntClock_GetModeRegister
                0x00000000       0x10 .\CortexM3\ARM_GCC_541\Debug\IoT2_labo_SPI.a(SPIM_IntClock.o)
 .text.SPIM_IntClock_GetSourceRegister
                0x00000000       0x10 .\CortexM3\ARM_GCC_541\Debug\IoT2_labo_SPI.a(SPIM_IntClock.o)
 .text.SPIM_IntClock_SetDividerRegister
                0x00000000       0xd8 .\CortexM3\ARM_GCC_541\Debug\IoT2_labo_SPI.a(SPIM_IntClock.o)
 .text.SPIM_IntClock_SetSourceRegister
                0x00000000       0x5c .\CortexM3\ARM_GCC_541\Debug\IoT2_labo_SPI.a(SPIM_IntClock.o)
 .text          0x00000000        0x0 .\CortexM3\ARM_GCC_541\Debug\IoT2_labo_SPI.a(CyLib.o)
 .bss           0x00000000       0x1c .\CortexM3\ARM_GCC_541\Debug\IoT2_labo_SPI.a(CyLib.o)
 .text.CyUSB_PowerOnCheck
                0x00000000       0x48 .\CortexM3\ARM_GCC_541\Debug\IoT2_labo_SPI.a(CyLib.o)
 .text.CyBusClk_Internal_SetDivider
                0x00000000       0x48 .\CortexM3\ARM_GCC_541\Debug\IoT2_labo_SPI.a(CyLib.o)
 .text.CyPLL_OUT_Stop
                0x00000000       0x10 .\CortexM3\ARM_GCC_541\Debug\IoT2_labo_SPI.a(CyLib.o)
 .text.CyIMO_Stop
                0x00000000       0x1c .\CortexM3\ARM_GCC_541\Debug\IoT2_labo_SPI.a(CyLib.o)
 .text.CyIMO_EnableDoubler
                0x00000000       0x10 .\CortexM3\ARM_GCC_541\Debug\IoT2_labo_SPI.a(CyLib.o)
 .text.CyIMO_DisableDoubler
                0x00000000       0x10 .\CortexM3\ARM_GCC_541\Debug\IoT2_labo_SPI.a(CyLib.o)
 .text.CyMasterClk_SetSource
                0x00000000       0x18 .\CortexM3\ARM_GCC_541\Debug\IoT2_labo_SPI.a(CyLib.o)
 .text.CyMasterClk_SetDivider
                0x00000000        0xc .\CortexM3\ARM_GCC_541\Debug\IoT2_labo_SPI.a(CyLib.o)
 .text.CyBusClk_SetDivider
                0x00000000       0x70 .\CortexM3\ARM_GCC_541\Debug\IoT2_labo_SPI.a(CyLib.o)
 .text.CyUsbClk_SetSource
                0x00000000       0x18 .\CortexM3\ARM_GCC_541\Debug\IoT2_labo_SPI.a(CyLib.o)
 .text.CyILO_Start1K
                0x00000000       0x10 .\CortexM3\ARM_GCC_541\Debug\IoT2_labo_SPI.a(CyLib.o)
 .text.CyILO_Stop1K
                0x00000000       0x10 .\CortexM3\ARM_GCC_541\Debug\IoT2_labo_SPI.a(CyLib.o)
 .text.CyILO_Start100K
                0x00000000       0x10 .\CortexM3\ARM_GCC_541\Debug\IoT2_labo_SPI.a(CyLib.o)
 .text.CyILO_Stop100K
                0x00000000       0x10 .\CortexM3\ARM_GCC_541\Debug\IoT2_labo_SPI.a(CyLib.o)
 .text.CyPLL_OUT_Start
                0x00000000       0x78 .\CortexM3\ARM_GCC_541\Debug\IoT2_labo_SPI.a(CyLib.o)
 .text.CyIMO_Start
                0x00000000       0x60 .\CortexM3\ARM_GCC_541\Debug\IoT2_labo_SPI.a(CyLib.o)
 .text.CyILO_Enable33K
                0x00000000       0x10 .\CortexM3\ARM_GCC_541\Debug\IoT2_labo_SPI.a(CyLib.o)
 .text.CyILO_Disable33K
                0x00000000       0x10 .\CortexM3\ARM_GCC_541\Debug\IoT2_labo_SPI.a(CyLib.o)
 .text.CyILO_SetSource
                0x00000000       0x18 .\CortexM3\ARM_GCC_541\Debug\IoT2_labo_SPI.a(CyLib.o)
 .text.CyILO_SetPowerMode
                0x00000000       0x24 .\CortexM3\ARM_GCC_541\Debug\IoT2_labo_SPI.a(CyLib.o)
 .text.CyXTAL_32KHZ_Stop
                0x00000000       0x30 .\CortexM3\ARM_GCC_541\Debug\IoT2_labo_SPI.a(CyLib.o)
 .text.CyXTAL_32KHZ_ReadStatus
                0x00000000       0x10 .\CortexM3\ARM_GCC_541\Debug\IoT2_labo_SPI.a(CyLib.o)
 .text.CyXTAL_Start
                0x00000000       0xac .\CortexM3\ARM_GCC_541\Debug\IoT2_labo_SPI.a(CyLib.o)
 .text.CyXTAL_Stop
                0x00000000       0x10 .\CortexM3\ARM_GCC_541\Debug\IoT2_labo_SPI.a(CyLib.o)
 .text.CyXTAL_EnableErrStatus
                0x00000000       0x10 .\CortexM3\ARM_GCC_541\Debug\IoT2_labo_SPI.a(CyLib.o)
 .text.CyXTAL_DisableErrStatus
                0x00000000       0x10 .\CortexM3\ARM_GCC_541\Debug\IoT2_labo_SPI.a(CyLib.o)
 .text.CyXTAL_ReadStatus
                0x00000000       0x18 .\CortexM3\ARM_GCC_541\Debug\IoT2_labo_SPI.a(CyLib.o)
 .text.CyXTAL_EnableFaultRecovery
                0x00000000       0x10 .\CortexM3\ARM_GCC_541\Debug\IoT2_labo_SPI.a(CyLib.o)
 .text.CyXTAL_DisableFaultRecovery
                0x00000000       0x10 .\CortexM3\ARM_GCC_541\Debug\IoT2_labo_SPI.a(CyLib.o)
 .text.CyXTAL_SetStartup
                0x00000000       0x18 .\CortexM3\ARM_GCC_541\Debug\IoT2_labo_SPI.a(CyLib.o)
 .text.CyXTAL_SetFbVoltage
                0x00000000       0x18 .\CortexM3\ARM_GCC_541\Debug\IoT2_labo_SPI.a(CyLib.o)
 .text.CyXTAL_SetWdVoltage
                0x00000000       0x18 .\CortexM3\ARM_GCC_541\Debug\IoT2_labo_SPI.a(CyLib.o)
 .text.CyHalt   0x00000000        0x4 .\CortexM3\ARM_GCC_541\Debug\IoT2_labo_SPI.a(CyLib.o)
 .text.CyPLL_OUT_SetPQ
                0x00000000       0x60 .\CortexM3\ARM_GCC_541\Debug\IoT2_labo_SPI.a(CyLib.o)
 .text.CyPLL_OUT_SetSource
                0x00000000       0x34 .\CortexM3\ARM_GCC_541\Debug\IoT2_labo_SPI.a(CyLib.o)
 .text.CyIMO_SetTrimValue
                0x00000000       0xcc .\CortexM3\ARM_GCC_541\Debug\IoT2_labo_SPI.a(CyLib.o)
 .text.CyIMO_SetFreq
                0x00000000       0xf4 .\CortexM3\ARM_GCC_541\Debug\IoT2_labo_SPI.a(CyLib.o)
 .text.CyIMO_SetSource
                0x00000000       0x58 .\CortexM3\ARM_GCC_541\Debug\IoT2_labo_SPI.a(CyLib.o)
 .text.CySoftwareReset
                0x00000000       0x10 .\CortexM3\ARM_GCC_541\Debug\IoT2_labo_SPI.a(CyLib.o)
 .text.CyXTAL_32KHZ_SetPowerMode
                0x00000000       0x84 .\CortexM3\ARM_GCC_541\Debug\IoT2_labo_SPI.a(CyLib.o)
 .text.CyXTAL_32KHZ_Start
                0x00000000       0x74 .\CortexM3\ARM_GCC_541\Debug\IoT2_labo_SPI.a(CyLib.o)
 .text.CyDelayFreq
                0x00000000       0x4c .\CortexM3\ARM_GCC_541\Debug\IoT2_labo_SPI.a(CyLib.o)
 .text.CyWdtStart
                0x00000000       0x40 .\CortexM3\ARM_GCC_541\Debug\IoT2_labo_SPI.a(CyLib.o)
 .text.CyWdtClear
                0x00000000        0xc .\CortexM3\ARM_GCC_541\Debug\IoT2_labo_SPI.a(CyLib.o)
 .text.CyVdStickyStatus
                0x00000000       0x2c .\CortexM3\ARM_GCC_541\Debug\IoT2_labo_SPI.a(CyLib.o)
 .text.CyVdLvDigitEnable
                0x00000000       0x84 .\CortexM3\ARM_GCC_541\Debug\IoT2_labo_SPI.a(CyLib.o)
 .text.CyVdLvAnalogEnable
                0x00000000       0x80 .\CortexM3\ARM_GCC_541\Debug\IoT2_labo_SPI.a(CyLib.o)
 .text.CyVdLvDigitDisable
                0x00000000       0x30 .\CortexM3\ARM_GCC_541\Debug\IoT2_labo_SPI.a(CyLib.o)
 .text.CyVdLvAnalogDisable
                0x00000000       0x28 .\CortexM3\ARM_GCC_541\Debug\IoT2_labo_SPI.a(CyLib.o)
 .text.CyVdHvAnalogEnable
                0x00000000       0x54 .\CortexM3\ARM_GCC_541\Debug\IoT2_labo_SPI.a(CyLib.o)
 .text.CyVdHvAnalogDisable
                0x00000000       0x20 .\CortexM3\ARM_GCC_541\Debug\IoT2_labo_SPI.a(CyLib.o)
 .text.CyVdRealTimeStatus
                0x00000000       0x1c .\CortexM3\ARM_GCC_541\Debug\IoT2_labo_SPI.a(CyLib.o)
 .text.CyDisableInts
                0x00000000       0x1c .\CortexM3\ARM_GCC_541\Debug\IoT2_labo_SPI.a(CyLib.o)
 .text.CyEnableInts
                0x00000000       0x18 .\CortexM3\ARM_GCC_541\Debug\IoT2_labo_SPI.a(CyLib.o)
 .text.CyFlushCache
                0x00000000       0x44 .\CortexM3\ARM_GCC_541\Debug\IoT2_labo_SPI.a(CyLib.o)
 .text.CyIntSetSysVector
                0x00000000       0x28 .\CortexM3\ARM_GCC_541\Debug\IoT2_labo_SPI.a(CyLib.o)
 .text.CyIntGetSysVector
                0x00000000       0x20 .\CortexM3\ARM_GCC_541\Debug\IoT2_labo_SPI.a(CyLib.o)
 .text.CyIntSetVector
                0x00000000       0x28 .\CortexM3\ARM_GCC_541\Debug\IoT2_labo_SPI.a(CyLib.o)
 .text.CyIntGetVector
                0x00000000       0x24 .\CortexM3\ARM_GCC_541\Debug\IoT2_labo_SPI.a(CyLib.o)
 .text.CyIntSetPriority
                0x00000000       0x30 .\CortexM3\ARM_GCC_541\Debug\IoT2_labo_SPI.a(CyLib.o)
 .text.CyIntGetPriority
                0x00000000       0x20 .\CortexM3\ARM_GCC_541\Debug\IoT2_labo_SPI.a(CyLib.o)
 .text.CyIntGetState
                0x00000000       0x24 .\CortexM3\ARM_GCC_541\Debug\IoT2_labo_SPI.a(CyLib.o)
 .text.CySysTickStop
                0x00000000       0x10 .\CortexM3\ARM_GCC_541\Debug\IoT2_labo_SPI.a(CyLib.o)
 .text.CySysTickEnableInterrupt
                0x00000000       0x10 .\CortexM3\ARM_GCC_541\Debug\IoT2_labo_SPI.a(CyLib.o)
 .text.CySysTickEnable
                0x00000000       0x18 .\CortexM3\ARM_GCC_541\Debug\IoT2_labo_SPI.a(CyLib.o)
 .text.CySysTickDisableInterrupt
                0x00000000       0x10 .\CortexM3\ARM_GCC_541\Debug\IoT2_labo_SPI.a(CyLib.o)
 .text.CySysTickSetReload
                0x00000000       0x10 .\CortexM3\ARM_GCC_541\Debug\IoT2_labo_SPI.a(CyLib.o)
 .text.CySysTickGetReload
                0x00000000       0x10 .\CortexM3\ARM_GCC_541\Debug\IoT2_labo_SPI.a(CyLib.o)
 .text.CySysTickGetValue
                0x00000000       0x10 .\CortexM3\ARM_GCC_541\Debug\IoT2_labo_SPI.a(CyLib.o)
 .text.CySysTickSetClockSource
                0x00000000       0x20 .\CortexM3\ARM_GCC_541\Debug\IoT2_labo_SPI.a(CyLib.o)
 .text.CySysTickGetClockSource
                0x00000000       0x10 .\CortexM3\ARM_GCC_541\Debug\IoT2_labo_SPI.a(CyLib.o)
 .text.CySysTickGetCountFlag
                0x00000000       0x10 .\CortexM3\ARM_GCC_541\Debug\IoT2_labo_SPI.a(CyLib.o)
 .text.CySysTickServiceCallbacks
                0x00000000       0x28 .\CortexM3\ARM_GCC_541\Debug\IoT2_labo_SPI.a(CyLib.o)
 .text.CySysTickClear
                0x00000000        0xc .\CortexM3\ARM_GCC_541\Debug\IoT2_labo_SPI.a(CyLib.o)
 .text.CySysTickInit
                0x00000000       0x58 .\CortexM3\ARM_GCC_541\Debug\IoT2_labo_SPI.a(CyLib.o)
 .text.CySysTickStart
                0x00000000       0x1c .\CortexM3\ARM_GCC_541\Debug\IoT2_labo_SPI.a(CyLib.o)
 .text.CySysTickSetCallback
                0x00000000       0x10 .\CortexM3\ARM_GCC_541\Debug\IoT2_labo_SPI.a(CyLib.o)
 .text.CySysTickGetCallback
                0x00000000       0x10 .\CortexM3\ARM_GCC_541\Debug\IoT2_labo_SPI.a(CyLib.o)
 .text.CyGetUniqueId
                0x00000000       0x70 .\CortexM3\ARM_GCC_541\Debug\IoT2_labo_SPI.a(CyLib.o)
 .text          0x00000000        0x0 .\CortexM3\ARM_GCC_541\Debug\IoT2_labo_SPI.a(cyPm.o)
 .data          0x00000000        0x0 .\CortexM3\ARM_GCC_541\Debug\IoT2_labo_SPI.a(cyPm.o)
 .bss           0x00000000       0x43 .\CortexM3\ARM_GCC_541\Debug\IoT2_labo_SPI.a(cyPm.o)
 .text.CyPmHibSlpSaveSet
                0x00000000      0x1dc .\CortexM3\ARM_GCC_541\Debug\IoT2_labo_SPI.a(cyPm.o)
 .text.CyPmHibSlpRestore
                0x00000000       0xd8 .\CortexM3\ARM_GCC_541\Debug\IoT2_labo_SPI.a(cyPm.o)
 .text.CyPmHviLviSaveDisable
                0x00000000       0xa0 .\CortexM3\ARM_GCC_541\Debug\IoT2_labo_SPI.a(cyPm.o)
 .text.CyPmHibSaveSet
                0x00000000       0x98 .\CortexM3\ARM_GCC_541\Debug\IoT2_labo_SPI.a(cyPm.o)
 .text.CyPmHviLviRestore
                0x00000000       0x48 .\CortexM3\ARM_GCC_541\Debug\IoT2_labo_SPI.a(cyPm.o)
 .text.CyPmHibRestore
                0x00000000       0x60 .\CortexM3\ARM_GCC_541\Debug\IoT2_labo_SPI.a(cyPm.o)
 .text.CyPmSaveClocks
                0x00000000      0x218 .\CortexM3\ARM_GCC_541\Debug\IoT2_labo_SPI.a(cyPm.o)
 .text.CyPmRestoreClocks
                0x00000000      0x24c .\CortexM3\ARM_GCC_541\Debug\IoT2_labo_SPI.a(cyPm.o)
 .text.CyPmAltAct
                0x00000000       0x6c .\CortexM3\ARM_GCC_541\Debug\IoT2_labo_SPI.a(cyPm.o)
 .text.CyPmSleep
                0x00000000       0xf4 .\CortexM3\ARM_GCC_541\Debug\IoT2_labo_SPI.a(cyPm.o)
 .text.CyPmHibernateEx
                0x00000000       0xf4 .\CortexM3\ARM_GCC_541\Debug\IoT2_labo_SPI.a(cyPm.o)
 .text.CyPmHibernate
                0x00000000        0xc .\CortexM3\ARM_GCC_541\Debug\IoT2_labo_SPI.a(cyPm.o)
 .text.CyPmReadStatus
                0x00000000       0x30 .\CortexM3\ARM_GCC_541\Debug\IoT2_labo_SPI.a(cyPm.o)
 .text.CyPmCtwSetInterval
                0x00000000       0x5c .\CortexM3\ARM_GCC_541\Debug\IoT2_labo_SPI.a(cyPm.o)
 .text.CyPmOppsSet
                0x00000000       0x2c .\CortexM3\ARM_GCC_541\Debug\IoT2_labo_SPI.a(cyPm.o)
 .text.CyPmFtwSetInterval
                0x00000000       0x5c .\CortexM3\ARM_GCC_541\Debug\IoT2_labo_SPI.a(cyPm.o)
 .rodata        0x00000000        0xf .\CortexM3\ARM_GCC_541\Debug\IoT2_labo_SPI.a(cyPm.o)
 .text          0x00000000        0x0 .\CortexM3\ARM_GCC_541\Debug\IoT2_labo_SPI.a(UART.o)
 .data          0x00000000        0x0 .\CortexM3\ARM_GCC_541\Debug\IoT2_labo_SPI.a(UART.o)
 .text.UART_Stop
                0x00000000       0x3c .\CortexM3\ARM_GCC_541\Debug\IoT2_labo_SPI.a(UART.o)
 .text.UART_ReadControlRegister
                0x00000000        0x4 .\CortexM3\ARM_GCC_541\Debug\IoT2_labo_SPI.a(UART.o)
 .text.UART_WriteControlRegister
                0x00000000        0x4 .\CortexM3\ARM_GCC_541\Debug\IoT2_labo_SPI.a(UART.o)
 .text.UART_SetRxInterruptMode
                0x00000000        0xc .\CortexM3\ARM_GCC_541\Debug\IoT2_labo_SPI.a(UART.o)
 .text.UART_ReadRxData
                0x00000000        0xc .\CortexM3\ARM_GCC_541\Debug\IoT2_labo_SPI.a(UART.o)
 .text.UART_ReadRxStatus
                0x00000000       0x10 .\CortexM3\ARM_GCC_541\Debug\IoT2_labo_SPI.a(UART.o)
 .text.UART_GetByte
                0x00000000       0x14 .\CortexM3\ARM_GCC_541\Debug\IoT2_labo_SPI.a(UART.o)
 .text.UART_GetRxBufferSize
                0x00000000       0x18 .\CortexM3\ARM_GCC_541\Debug\IoT2_labo_SPI.a(UART.o)
 .text.UART_ClearRxBuffer
                0x00000000       0x24 .\CortexM3\ARM_GCC_541\Debug\IoT2_labo_SPI.a(UART.o)
 .text.UART_SetRxAddressMode
                0x00000000        0x4 .\CortexM3\ARM_GCC_541\Debug\IoT2_labo_SPI.a(UART.o)
 .text.UART_SetRxAddress1
                0x00000000        0xc .\CortexM3\ARM_GCC_541\Debug\IoT2_labo_SPI.a(UART.o)
 .text.UART_SetRxAddress2
                0x00000000        0xc .\CortexM3\ARM_GCC_541\Debug\IoT2_labo_SPI.a(UART.o)
 .text.UART_SetTxInterruptMode
                0x00000000        0xc .\CortexM3\ARM_GCC_541\Debug\IoT2_labo_SPI.a(UART.o)
 .text.UART_WriteTxData
                0x00000000       0x14 .\CortexM3\ARM_GCC_541\Debug\IoT2_labo_SPI.a(UART.o)
 .text.UART_ReadTxStatus
                0x00000000        0xc .\CortexM3\ARM_GCC_541\Debug\IoT2_labo_SPI.a(UART.o)
 .text.UART_PutArray
                0x00000000       0x28 .\CortexM3\ARM_GCC_541\Debug\IoT2_labo_SPI.a(UART.o)
 .text.UART_PutCRLF
                0x00000000       0x20 .\CortexM3\ARM_GCC_541\Debug\IoT2_labo_SPI.a(UART.o)
 .text.UART_GetTxBufferSize
                0x00000000       0x24 .\CortexM3\ARM_GCC_541\Debug\IoT2_labo_SPI.a(UART.o)
 .text.UART_ClearTxBuffer
                0x00000000       0x24 .\CortexM3\ARM_GCC_541\Debug\IoT2_labo_SPI.a(UART.o)
 .text.UART_SendBreak
                0x00000000       0x58 .\CortexM3\ARM_GCC_541\Debug\IoT2_labo_SPI.a(UART.o)
 .text.UART_SetTxAddressMode
                0x00000000        0x4 .\CortexM3\ARM_GCC_541\Debug\IoT2_labo_SPI.a(UART.o)
 .text          0x00000000        0x0 .\CortexM3\ARM_GCC_541\Debug\IoT2_labo_SPI.a(UART_IntClock.o)
 .data          0x00000000        0x0 .\CortexM3\ARM_GCC_541\Debug\IoT2_labo_SPI.a(UART_IntClock.o)
 .bss           0x00000000        0x0 .\CortexM3\ARM_GCC_541\Debug\IoT2_labo_SPI.a(UART_IntClock.o)
 .text.UART_IntClock_Stop
                0x00000000       0x1c .\CortexM3\ARM_GCC_541\Debug\IoT2_labo_SPI.a(UART_IntClock.o)
 .text.UART_IntClock_StopBlock
                0x00000000       0x6c .\CortexM3\ARM_GCC_541\Debug\IoT2_labo_SPI.a(UART_IntClock.o)
 .text.UART_IntClock_StandbyPower
                0x00000000       0x20 .\CortexM3\ARM_GCC_541\Debug\IoT2_labo_SPI.a(UART_IntClock.o)
 .text.UART_IntClock_GetDividerRegister
                0x00000000        0xc .\CortexM3\ARM_GCC_541\Debug\IoT2_labo_SPI.a(UART_IntClock.o)
 .text.UART_IntClock_SetModeRegister
                0x00000000       0x14 .\CortexM3\ARM_GCC_541\Debug\IoT2_labo_SPI.a(UART_IntClock.o)
 .text.UART_IntClock_ClearModeRegister
                0x00000000       0x18 .\CortexM3\ARM_GCC_541\Debug\IoT2_labo_SPI.a(UART_IntClock.o)
 .text.UART_IntClock_GetModeRegister
                0x00000000       0x10 .\CortexM3\ARM_GCC_541\Debug\IoT2_labo_SPI.a(UART_IntClock.o)
 .text.UART_IntClock_GetSourceRegister
                0x00000000       0x10 .\CortexM3\ARM_GCC_541\Debug\IoT2_labo_SPI.a(UART_IntClock.o)
 .text.UART_IntClock_SetDividerRegister
                0x00000000       0xdc .\CortexM3\ARM_GCC_541\Debug\IoT2_labo_SPI.a(UART_IntClock.o)
 .text.UART_IntClock_SetSourceRegister
                0x00000000       0x5c .\CortexM3\ARM_GCC_541\Debug\IoT2_labo_SPI.a(UART_IntClock.o)
 .data          0x00000000        0x0 .\CortexM3\ARM_GCC_541\Debug\IoT2_labo_SPI.a(CyBootAsmGnu.o)
 .bss           0x00000000        0x0 .\CortexM3\ARM_GCC_541\Debug\IoT2_labo_SPI.a(CyBootAsmGnu.o)
 .text          0x00000000        0x0 .\CortexM3\ARM_GCC_541\Debug\IoT2_labo_SPI.a(CyFlash.o)
 .data          0x00000000        0x0 .\CortexM3\ARM_GCC_541\Debug\IoT2_labo_SPI.a(CyFlash.o)
 .bss           0x00000000        0x0 .\CortexM3\ARM_GCC_541\Debug\IoT2_labo_SPI.a(CyFlash.o)
 .text.CyFlashGetSpcAlgorithm
                0x00000000       0x4c .\CortexM3\ARM_GCC_541\Debug\IoT2_labo_SPI.a(CyFlash.o)
 .text.CySetTempInt
                0x00000000       0x60 .\CortexM3\ARM_GCC_541\Debug\IoT2_labo_SPI.a(CyFlash.o)
 .text.CyFlash_Start
                0x00000000       0x54 .\CortexM3\ARM_GCC_541\Debug\IoT2_labo_SPI.a(CyFlash.o)
 .text.CyFlash_Stop
                0x00000000       0x24 .\CortexM3\ARM_GCC_541\Debug\IoT2_labo_SPI.a(CyFlash.o)
 .text.CySetTemp
                0x00000000       0x14 .\CortexM3\ARM_GCC_541\Debug\IoT2_labo_SPI.a(CyFlash.o)
 .text.CySetFlashEEBuffer
                0x00000000       0x20 .\CortexM3\ARM_GCC_541\Debug\IoT2_labo_SPI.a(CyFlash.o)
 .text.CyWriteRowFull
                0x00000000       0xf8 .\CortexM3\ARM_GCC_541\Debug\IoT2_labo_SPI.a(CyFlash.o)
 .text.CyWriteRowData
                0x00000000       0x14 .\CortexM3\ARM_GCC_541\Debug\IoT2_labo_SPI.a(CyFlash.o)
 .text.CyFlash_SetWaitCycles
                0x00000000       0x7c .\CortexM3\ARM_GCC_541\Debug\IoT2_labo_SPI.a(CyFlash.o)
 .text.CyEEPROM_Start
                0x00000000       0x54 .\CortexM3\ARM_GCC_541\Debug\IoT2_labo_SPI.a(CyFlash.o)
 .text.CyEEPROM_Stop
                0x00000000       0x24 .\CortexM3\ARM_GCC_541\Debug\IoT2_labo_SPI.a(CyFlash.o)
 .text.CyEEPROM_ReadReserve
                0x00000000       0x1c .\CortexM3\ARM_GCC_541\Debug\IoT2_labo_SPI.a(CyFlash.o)
 .text.CyEEPROM_ReadRelease
                0x00000000       0x10 .\CortexM3\ARM_GCC_541\Debug\IoT2_labo_SPI.a(CyFlash.o)
 COMMON         0x00000000        0x2 .\CortexM3\ARM_GCC_541\Debug\IoT2_labo_SPI.a(CyFlash.o)
 .text          0x00000000        0x0 .\CortexM3\ARM_GCC_541\Debug\IoT2_labo_SPI.a(CySpc.o)
 .data          0x00000000        0x0 .\CortexM3\ARM_GCC_541\Debug\IoT2_labo_SPI.a(CySpc.o)
 .bss           0x00000000        0x8 .\CortexM3\ARM_GCC_541\Debug\IoT2_labo_SPI.a(CySpc.o)
 .text.CySpcStart
                0x00000000       0x24 .\CortexM3\ARM_GCC_541\Debug\IoT2_labo_SPI.a(CySpc.o)
 .text.CySpcStop
                0x00000000       0x24 .\CortexM3\ARM_GCC_541\Debug\IoT2_labo_SPI.a(CySpc.o)
 .text.CySpcReadData
                0x00000000       0x34 .\CortexM3\ARM_GCC_541\Debug\IoT2_labo_SPI.a(CySpc.o)
 .text.CySpcLoadMultiByte
                0x00000000       0x78 .\CortexM3\ARM_GCC_541\Debug\IoT2_labo_SPI.a(CySpc.o)
 .text.CySpcLoadRow
                0x00000000       0x50 .\CortexM3\ARM_GCC_541\Debug\IoT2_labo_SPI.a(CySpc.o)
 .text.CySpcLoadRowFull
                0x00000000       0x80 .\CortexM3\ARM_GCC_541\Debug\IoT2_labo_SPI.a(CySpc.o)
 .text.CySpcWriteRow
                0x00000000       0x4c .\CortexM3\ARM_GCC_541\Debug\IoT2_labo_SPI.a(CySpc.o)
 .text.CySpcEraseSector
                0x00000000       0x3c .\CortexM3\ARM_GCC_541\Debug\IoT2_labo_SPI.a(CySpc.o)
 .text.CySpcGetTemp
                0x00000000       0x3c .\CortexM3\ARM_GCC_541\Debug\IoT2_labo_SPI.a(CySpc.o)
 .text.CySpcLock
                0x00000000       0x4c .\CortexM3\ARM_GCC_541\Debug\IoT2_labo_SPI.a(CySpc.o)
 .text.CySpcUnlock
                0x00000000       0x38 .\CortexM3\ARM_GCC_541\Debug\IoT2_labo_SPI.a(CySpc.o)
 .text.CySpcGetAlgorithm
                0x00000000       0x28 .\CortexM3\ARM_GCC_541\Debug\IoT2_labo_SPI.a(CySpc.o)
 .text          0x00000000        0x0 c:/program files (x86)/cypress/psoc creator/4.1/psoc creator/import/gnu/arm/5.4.1/bin/../lib/gcc/arm-none-eabi/5.4.1/../../../../arm-none-eabi/lib/armv7-m\libg_nano.a(lib_a-errno.o)
 .data          0x00000000        0x0 c:/program files (x86)/cypress/psoc creator/4.1/psoc creator/import/gnu/arm/5.4.1/bin/../lib/gcc/arm-none-eabi/5.4.1/../../../../arm-none-eabi/lib/armv7-m\libg_nano.a(lib_a-errno.o)
 .bss           0x00000000        0x0 c:/program files (x86)/cypress/psoc creator/4.1/psoc creator/import/gnu/arm/5.4.1/bin/../lib/gcc/arm-none-eabi/5.4.1/../../../../arm-none-eabi/lib/armv7-m\libg_nano.a(lib_a-errno.o)
 .text          0x00000000        0x0 c:/program files (x86)/cypress/psoc creator/4.1/psoc creator/import/gnu/arm/5.4.1/bin/../lib/gcc/arm-none-eabi/5.4.1/../../../../arm-none-eabi/lib/armv7-m\libg_nano.a(lib_a-exit.o)
 .data          0x00000000        0x0 c:/program files (x86)/cypress/psoc creator/4.1/psoc creator/import/gnu/arm/5.4.1/bin/../lib/gcc/arm-none-eabi/5.4.1/../../../../arm-none-eabi/lib/armv7-m\libg_nano.a(lib_a-exit.o)
 .bss           0x00000000        0x0 c:/program files (x86)/cypress/psoc creator/4.1/psoc creator/import/gnu/arm/5.4.1/bin/../lib/gcc/arm-none-eabi/5.4.1/../../../../arm-none-eabi/lib/armv7-m\libg_nano.a(lib_a-exit.o)
 .text.exit     0x00000000       0x28 c:/program files (x86)/cypress/psoc creator/4.1/psoc creator/import/gnu/arm/5.4.1/bin/../lib/gcc/arm-none-eabi/5.4.1/../../../../arm-none-eabi/lib/armv7-m\libg_nano.a(lib_a-exit.o)
 .text          0x00000000        0x0 c:/program files (x86)/cypress/psoc creator/4.1/psoc creator/import/gnu/arm/5.4.1/bin/../lib/gcc/arm-none-eabi/5.4.1/../../../../arm-none-eabi/lib/armv7-m\libg_nano.a(lib_a-impure.o)
 .data          0x00000000        0x0 c:/program files (x86)/cypress/psoc creator/4.1/psoc creator/import/gnu/arm/5.4.1/bin/../lib/gcc/arm-none-eabi/5.4.1/../../../../arm-none-eabi/lib/armv7-m\libg_nano.a(lib_a-impure.o)
 .bss           0x00000000        0x0 c:/program files (x86)/cypress/psoc creator/4.1/psoc creator/import/gnu/arm/5.4.1/bin/../lib/gcc/arm-none-eabi/5.4.1/../../../../arm-none-eabi/lib/armv7-m\libg_nano.a(lib_a-impure.o)
 .rodata._global_impure_ptr
                0x00000000        0x4 c:/program files (x86)/cypress/psoc creator/4.1/psoc creator/import/gnu/arm/5.4.1/bin/../lib/gcc/arm-none-eabi/5.4.1/../../../../arm-none-eabi/lib/armv7-m\libg_nano.a(lib_a-impure.o)
 .text          0x00000000        0x0 c:/program files (x86)/cypress/psoc creator/4.1/psoc creator/import/gnu/arm/5.4.1/bin/../lib/gcc/arm-none-eabi/5.4.1/../../../../arm-none-eabi/lib/armv7-m\libg_nano.a(lib_a-init.o)
 .data          0x00000000        0x0 c:/program files (x86)/cypress/psoc creator/4.1/psoc creator/import/gnu/arm/5.4.1/bin/../lib/gcc/arm-none-eabi/5.4.1/../../../../arm-none-eabi/lib/armv7-m\libg_nano.a(lib_a-init.o)
 .bss           0x00000000        0x0 c:/program files (x86)/cypress/psoc creator/4.1/psoc creator/import/gnu/arm/5.4.1/bin/../lib/gcc/arm-none-eabi/5.4.1/../../../../arm-none-eabi/lib/armv7-m\libg_nano.a(lib_a-init.o)
 .text          0x00000000        0x0 c:/program files (x86)/cypress/psoc creator/4.1/psoc creator/import/gnu/arm/5.4.1/bin/../lib/gcc/arm-none-eabi/5.4.1/../../../../arm-none-eabi/lib/armv7-m\libg_nano.a(lib_a-memcpy-stub.o)
 .data          0x00000000        0x0 c:/program files (x86)/cypress/psoc creator/4.1/psoc creator/import/gnu/arm/5.4.1/bin/../lib/gcc/arm-none-eabi/5.4.1/../../../../arm-none-eabi/lib/armv7-m\libg_nano.a(lib_a-memcpy-stub.o)
 .bss           0x00000000        0x0 c:/program files (x86)/cypress/psoc creator/4.1/psoc creator/import/gnu/arm/5.4.1/bin/../lib/gcc/arm-none-eabi/5.4.1/../../../../arm-none-eabi/lib/armv7-m\libg_nano.a(lib_a-memcpy-stub.o)
 .text          0x00000000        0x0 c:/program files (x86)/cypress/psoc creator/4.1/psoc creator/import/gnu/arm/5.4.1/bin/../lib/gcc/arm-none-eabi/5.4.1/../../../../arm-none-eabi/lib/armv7-m\libg_nano.a(lib_a-memset.o)
 .data          0x00000000        0x0 c:/program files (x86)/cypress/psoc creator/4.1/psoc creator/import/gnu/arm/5.4.1/bin/../lib/gcc/arm-none-eabi/5.4.1/../../../../arm-none-eabi/lib/armv7-m\libg_nano.a(lib_a-memset.o)
 .bss           0x00000000        0x0 c:/program files (x86)/cypress/psoc creator/4.1/psoc creator/import/gnu/arm/5.4.1/bin/../lib/gcc/arm-none-eabi/5.4.1/../../../../arm-none-eabi/lib/armv7-m\libg_nano.a(lib_a-memset.o)
 .text          0x00000000        0x0 c:/program files (x86)/cypress/psoc creator/4.1/psoc creator/import/gnu/arm/5.4.1/bin/../lib/gcc/arm-none-eabi/5.4.1/armv7-m/crtend.o
 .data          0x00000000        0x0 c:/program files (x86)/cypress/psoc creator/4.1/psoc creator/import/gnu/arm/5.4.1/bin/../lib/gcc/arm-none-eabi/5.4.1/armv7-m/crtend.o
 .bss           0x00000000        0x0 c:/program files (x86)/cypress/psoc creator/4.1/psoc creator/import/gnu/arm/5.4.1/bin/../lib/gcc/arm-none-eabi/5.4.1/armv7-m/crtend.o
 .text          0x00000000        0x0 c:/program files (x86)/cypress/psoc creator/4.1/psoc creator/import/gnu/arm/5.4.1/bin/../lib/gcc/arm-none-eabi/5.4.1/armv7-m/crtn.o
 .data          0x00000000        0x0 c:/program files (x86)/cypress/psoc creator/4.1/psoc creator/import/gnu/arm/5.4.1/bin/../lib/gcc/arm-none-eabi/5.4.1/armv7-m/crtn.o
 .bss           0x00000000        0x0 c:/program files (x86)/cypress/psoc creator/4.1/psoc creator/import/gnu/arm/5.4.1/bin/../lib/gcc/arm-none-eabi/5.4.1/armv7-m/crtn.o

Memory Configuration

Name             Origin             Length             Attributes
rom              0x00000000         0x00040000         xr
ram              0x1fff8000         0x00010000         xrw
*default*        0x00000000         0xffffffff

Linker script and memory map

LOAD c:/program files (x86)/cypress/psoc creator/4.1/psoc creator/import/gnu/arm/5.4.1/bin/../lib/gcc/arm-none-eabi/5.4.1/armv7-m/crti.o
LOAD c:/program files (x86)/cypress/psoc creator/4.1/psoc creator/import/gnu/arm/5.4.1/bin/../lib/gcc/arm-none-eabi/5.4.1/armv7-m/crtbegin.o
LOAD c:/program files (x86)/cypress/psoc creator/4.1/psoc creator/import/gnu/arm/5.4.1/bin/../lib/gcc/arm-none-eabi/5.4.1/../../../../arm-none-eabi/lib/armv7-m/crt0.o
START GROUP
LOAD .\CortexM3\ARM_GCC_541\Debug\main.o
LOAD .\CortexM3\ARM_GCC_541\Debug\cyfitter_cfg.o
LOAD .\CortexM3\ARM_GCC_541\Debug\cymetadata.o
LOAD .\CortexM3\ARM_GCC_541\Debug\Cm3Start.o
LOAD .\CortexM3\ARM_GCC_541\Debug\IoT2_labo_SPI.a
LOAD C:\Program Files (x86)\Cypress\PSoC Creator\4.1\PSoC Creator\psoc\content\cycomponentlibrary\CyComponentLibrary.cylib\CortexM3\ARM_GCC_541\Debug\CyComponentLibrary.a
END GROUP
START GROUP
LOAD c:/program files (x86)/cypress/psoc creator/4.1/psoc creator/import/gnu/arm/5.4.1/bin/../lib/gcc/arm-none-eabi/5.4.1/armv7-m\libgcc.a
LOAD c:/program files (x86)/cypress/psoc creator/4.1/psoc creator/import/gnu/arm/5.4.1/bin/../lib/gcc/arm-none-eabi/5.4.1/../../../../arm-none-eabi/lib/armv7-m\libg_nano.a
LOAD c:/program files (x86)/cypress/psoc creator/4.1/psoc creator/import/gnu/arm/5.4.1/bin/../lib/gcc/arm-none-eabi/5.4.1/../../../../arm-none-eabi/lib/armv7-m\libc_nano.a
END GROUP
START GROUP
LOAD c:/program files (x86)/cypress/psoc creator/4.1/psoc creator/import/gnu/arm/5.4.1/bin/../lib/gcc/arm-none-eabi/5.4.1/armv7-m\libgcc.a
LOAD c:/program files (x86)/cypress/psoc creator/4.1/psoc creator/import/gnu/arm/5.4.1/bin/../lib/gcc/arm-none-eabi/5.4.1/../../../../arm-none-eabi/lib/armv7-m\libc_nano.a
END GROUP
LOAD c:/program files (x86)/cypress/psoc creator/4.1/psoc creator/import/gnu/arm/5.4.1/bin/../lib/gcc/arm-none-eabi/5.4.1/armv7-m/crtend.o
LOAD c:/program files (x86)/cypress/psoc creator/4.1/psoc creator/import/gnu/arm/5.4.1/bin/../lib/gcc/arm-none-eabi/5.4.1/armv7-m/crtn.o
START GROUP
LOAD c:/program files (x86)/cypress/psoc creator/4.1/psoc creator/import/gnu/arm/5.4.1/bin/../lib/gcc/arm-none-eabi/5.4.1/armv7-m\libgcc.a
LOAD c:/program files (x86)/cypress/psoc creator/4.1/psoc creator/import/gnu/arm/5.4.1/bin/../lib/gcc/arm-none-eabi/5.4.1/../../../../arm-none-eabi/lib/armv7-m\libc.a
LOAD c:/program files (x86)/cypress/psoc creator/4.1/psoc creator/import/gnu/arm/5.4.1/bin/../lib/gcc/arm-none-eabi/5.4.1/../../../../arm-none-eabi/lib/armv7-m\libnosys.a
END GROUP
                0x00000000                CY_APPL_ORIGIN = 0x0
                0x00000100                CY_FLASH_ROW_SIZE = 0x100
                0x00000020                CY_ECC_ROW_SIZE = 0x20
                0x00000000                CY_EE_IN_BTLDR = 0x0
                0x00000000                CY_APPL_LOADABLE = 0x0
                0x00000800                CY_EE_SIZE = 0x800
                0x00000001                CY_APPL_NUM = 0x1
                0x00000001                CY_APPL_MAX = 0x1
                0x00000040                CY_METADATA_SIZE = 0x40
                0x00000000                CY_APPL_LOADABLE = 0x0
                0x00000000                CY_CHECKSUM_EXCLUDE_SIZE = ALIGN (0x0, CY_FLASH_ROW_SIZE)
                [!provide]                PROVIDE (__cy_heap_start, _end)
                0x00000001                PROVIDE (__cy_region_num, ((__cy_regions_end - __cy_regions) / 0x10))
                0x20008000                PROVIDE (__cy_stack, (ORIGIN (ram) + LENGTH (ram)))
                [!provide]                PROVIDE (__cy_heap_end, (__cy_stack - 0x800))

.cybootloader   0x00000000        0x0
 *(.cybootloader)
                0x00000000                appl1_start = CY_APPL_ORIGIN?CY_APPL_ORIGIN:ALIGN (CY_FLASH_ROW_SIZE)
                0x0001ff00                appl2_start = (appl1_start + ALIGN ((((LENGTH (rom) - appl1_start) - (0x2 * CY_FLASH_ROW_SIZE)) / 0x2), CY_FLASH_ROW_SIZE))
                0x00000000                appl_start = (CY_APPL_NUM == 0x1)?appl1_start:appl2_start
                0x00000000                ecc_offset = ((appl_start / CY_FLASH_ROW_SIZE) * CY_ECC_ROW_SIZE)
                0x00000000                ee_offset = (CY_APPL_LOADABLE && ! (CY_EE_IN_BTLDR))?((CY_EE_SIZE / CY_APPL_MAX) * (CY_APPL_NUM - 0x1)):0x0
                0x00000800                ee_size = (CY_APPL_LOADABLE && ! (CY_EE_IN_BTLDR))?(CY_EE_SIZE / CY_APPL_MAX):CY_EE_SIZE
                [!provide]                PROVIDE (CY_ECC_OFFSET, ecc_offset)

.text           0x00000000      0x79e
 CREATE_OBJECT_SYMBOLS
                0x00000000                PROVIDE (__cy_interrupt_vector, RomVectors)
 *(.romvectors)
 .romvectors    0x00000000       0x10 .\CortexM3\ARM_GCC_541\Debug\Cm3Start.o
                0x00000000                RomVectors
                0x00000001                ASSERT ((. != __cy_interrupt_vector), No interrupt vector)
                0x00000001                ASSERT (CY_APPL_ORIGIN?(SIZEOF (.cybootloader) <= CY_APPL_ORIGIN):0x1, Wrong image location)
                0x00000010                PROVIDE (__cy_reset, Reset)
 *(.text.Reset)
 .text.Reset    0x00000010       0x18 .\CortexM3\ARM_GCC_541\Debug\Cm3Start.o
                0x00000010                Reset
                0x00000001                ASSERT ((. != __cy_reset), No reset code)
 *(.dma_init)
                0x00000001                ASSERT ((((appl_start + .) <= 0x10000) || 0x1), DMA Init must be within the first 64k of flash)
 *(.text .text.* .gnu.linkonce.t.*)
 .text          0x00000028       0x5c c:/program files (x86)/cypress/psoc creator/4.1/psoc creator/import/gnu/arm/5.4.1/bin/../lib/gcc/arm-none-eabi/5.4.1/armv7-m/crtbegin.o
 .text.writeMax7221
                0x00000084       0x20 .\CortexM3\ARM_GCC_541\Debug\main.o
                0x00000084                writeMax7221
 .text.clearDotDisplay
                0x000000a4       0x18 .\CortexM3\ARM_GCC_541\Debug\main.o
                0x000000a4                clearDotDisplay
 .text.printChar
                0x000000bc       0x38 .\CortexM3\ARM_GCC_541\Debug\main.o
                0x000000bc                printChar
 .text.main     0x000000f4       0x84 .\CortexM3\ARM_GCC_541\Debug\main.o
                0x000000f4                main
 .text.CyClockStartupError
                0x00000178        0x4 .\CortexM3\ARM_GCC_541\Debug\cyfitter_cfg.o
 .text.cfg_write_bytes32
                0x0000017c       0x34 .\CortexM3\ARM_GCC_541\Debug\cyfitter_cfg.o
 .text.AnalogSetDefault
                0x000001b0       0x28 .\CortexM3\ARM_GCC_541\Debug\cyfitter_cfg.o
 .text.CYMEMZERO
                0x000001d8        0xc .\CortexM3\ARM_GCC_541\Debug\cyfitter_cfg.o
 .text.ClockSetup
                0x000001e4       0xd4 .\CortexM3\ARM_GCC_541\Debug\cyfitter_cfg.o
 .text.CYCONFIGCPY
                0x000002b8        0x8 .\CortexM3\ARM_GCC_541\Debug\cyfitter_cfg.o
 .text.cyfitter_cfg
                0x000002c0      0x114 .\CortexM3\ARM_GCC_541\Debug\cyfitter_cfg.o
                0x000002c0                cyfitter_cfg
 .text.IntDefaultHandler
                0x000003d4       0x10 .\CortexM3\ARM_GCC_541\Debug\Cm3Start.o
                0x000003d4                IntDefaultHandler
 .text.Start_c  0x000003e4       0x4c .\CortexM3\ARM_GCC_541\Debug\Cm3Start.o
                0x000003e4                Start_c
 .text.initialize_psoc
                0x00000430       0x68 .\CortexM3\ARM_GCC_541\Debug\Cm3Start.o
                0x00000430                initialize_psoc
 .text.SPIM_Enable
                0x00000498       0x34 .\CortexM3\ARM_GCC_541\Debug\IoT2_labo_SPI.a(SPIM.o)
                0x00000498                SPIM_Enable
 .text.SPIM_ReadTxStatus
                0x000004cc        0xc .\CortexM3\ARM_GCC_541\Debug\IoT2_labo_SPI.a(SPIM.o)
                0x000004cc                SPIM_ReadTxStatus
 .text.SPIM_ReadRxStatus
                0x000004d8        0xc .\CortexM3\ARM_GCC_541\Debug\IoT2_labo_SPI.a(SPIM.o)
                0x000004d8                SPIM_ReadRxStatus
 .text.SPIM_WriteTxData
                0x000004e4       0x18 .\CortexM3\ARM_GCC_541\Debug\IoT2_labo_SPI.a(SPIM.o)
                0x000004e4                SPIM_WriteTxData
 .text.SPIM_ClearFIFO
                0x000004fc       0x4c .\CortexM3\ARM_GCC_541\Debug\IoT2_labo_SPI.a(SPIM.o)
                0x000004fc                SPIM_ClearFIFO
 .text.SPIM_Init
                0x00000548       0x28 .\CortexM3\ARM_GCC_541\Debug\IoT2_labo_SPI.a(SPIM.o)
                0x00000548                SPIM_Init
 .text.SPIM_Start
                0x00000570       0x1c .\CortexM3\ARM_GCC_541\Debug\IoT2_labo_SPI.a(SPIM.o)
                0x00000570                SPIM_Start
 .text.SWITCHES_Read
                0x0000058c        0xc .\CortexM3\ARM_GCC_541\Debug\IoT2_labo_SPI.a(SWITCHES.o)
                0x0000058c                SWITCHES_Read
 .text.LEDS_Write
                0x00000598        0xc .\CortexM3\ARM_GCC_541\Debug\IoT2_labo_SPI.a(LEDS.o)
                0x00000598                LEDS_Write
 .text.SPIM_IntClock_Start
                0x000005a4       0x1c .\CortexM3\ARM_GCC_541\Debug\IoT2_labo_SPI.a(SPIM_IntClock.o)
                0x000005a4                SPIM_IntClock_Start
 .text.CyDelay  0x000005c0       0x2c .\CortexM3\ARM_GCC_541\Debug\IoT2_labo_SPI.a(CyLib.o)
                0x000005c0                CyDelay
 .text.CyDelayUs
                0x000005ec       0x14 .\CortexM3\ARM_GCC_541\Debug\IoT2_labo_SPI.a(CyLib.o)
                0x000005ec                CyDelayUs
 .text.UART_Init
                0x00000600       0x24 .\CortexM3\ARM_GCC_541\Debug\IoT2_labo_SPI.a(UART.o)
                0x00000600                UART_Init
 .text.UART_Enable
                0x00000624       0x38 .\CortexM3\ARM_GCC_541\Debug\IoT2_labo_SPI.a(UART.o)
                0x00000624                UART_Enable
 .text.UART_Start
                0x0000065c       0x1c .\CortexM3\ARM_GCC_541\Debug\IoT2_labo_SPI.a(UART.o)
                0x0000065c                UART_Start
 .text.UART_GetChar
                0x00000678       0x2c .\CortexM3\ARM_GCC_541\Debug\IoT2_labo_SPI.a(UART.o)
                0x00000678                UART_GetChar
 .text.UART_PutChar
                0x000006a4       0x18 .\CortexM3\ARM_GCC_541\Debug\IoT2_labo_SPI.a(UART.o)
                0x000006a4                UART_PutChar
 .text.UART_PutString
                0x000006bc       0x24 .\CortexM3\ARM_GCC_541\Debug\IoT2_labo_SPI.a(UART.o)
                0x000006bc                UART_PutString
 .text.UART_IntClock_Start
                0x000006e0       0x1c .\CortexM3\ARM_GCC_541\Debug\IoT2_labo_SPI.a(UART_IntClock.o)
                0x000006e0                UART_IntClock_Start
 *fill*         0x000006fc        0x4 
 .text          0x00000700       0x20 .\CortexM3\ARM_GCC_541\Debug\IoT2_labo_SPI.a(CyBootAsmGnu.o)
                0x00000700                CyDelayCycles
                0x00000710                CyEnterCriticalSection
                0x00000718                CyExitCriticalSection
 .text.__errno  0x00000720        0xc c:/program files (x86)/cypress/psoc creator/4.1/psoc creator/import/gnu/arm/5.4.1/bin/../lib/gcc/arm-none-eabi/5.4.1/../../../../arm-none-eabi/lib/armv7-m\libg_nano.a(lib_a-errno.o)
                0x00000720                __errno
 .text.__libc_init_array
                0x0000072c       0x4c c:/program files (x86)/cypress/psoc creator/4.1/psoc creator/import/gnu/arm/5.4.1/bin/../lib/gcc/arm-none-eabi/5.4.1/../../../../arm-none-eabi/lib/armv7-m\libg_nano.a(lib_a-init.o)
                0x0000072c                __libc_init_array
 .text.memcpy   0x00000778       0x16 c:/program files (x86)/cypress/psoc creator/4.1/psoc creator/import/gnu/arm/5.4.1/bin/../lib/gcc/arm-none-eabi/5.4.1/../../../../arm-none-eabi/lib/armv7-m\libg_nano.a(lib_a-memcpy-stub.o)
                0x00000778                memcpy
 .text.memset   0x0000078e       0x10 c:/program files (x86)/cypress/psoc creator/4.1/psoc creator/import/gnu/arm/5.4.1/bin/../lib/gcc/arm-none-eabi/5.4.1/../../../../arm-none-eabi/lib/armv7-m\libg_nano.a(lib_a-memset.o)
                0x0000078e                memset
 *(.plt)
 *(.gnu.warning)
 *(.glue_7t)
 .glue_7t       0x0000079e        0x0 linker stubs
 *(.glue_7)
 .glue_7        0x0000079e        0x0 linker stubs
 *(.vfp11_veneer)
 .vfp11_veneer  0x0000079e        0x0 linker stubs
 *(.bootloader)
 *(.ARM.extab* .gnu.linkonce.armextab.*)
 *(.gcc_except_table)

.v4_bx          0x000007a0        0x0
 .v4_bx         0x000007a0        0x0 linker stubs

.iplt           0x000007a0        0x0
 .iplt          0x000007a0        0x0 c:/program files (x86)/cypress/psoc creator/4.1/psoc creator/import/gnu/arm/5.4.1/bin/../lib/gcc/arm-none-eabi/5.4.1/armv7-m/crtbegin.o

.eh_frame_hdr
 *(.eh_frame_hdr)

.eh_frame       0x000007a0        0x4
 *(.eh_frame)
 .eh_frame      0x000007a0        0x0 c:/program files (x86)/cypress/psoc creator/4.1/psoc creator/import/gnu/arm/5.4.1/bin/../lib/gcc/arm-none-eabi/5.4.1/armv7-m/crtbegin.o
 .eh_frame      0x000007a0        0x4 c:/program files (x86)/cypress/psoc creator/4.1/psoc creator/import/gnu/arm/5.4.1/bin/../lib/gcc/arm-none-eabi/5.4.1/armv7-m/crtend.o
                [!provide]                PROVIDE (__exidx_start, .)

.ARM.exidx
 *(.ARM.exidx* .gnu.linkonce.armexidx.*)
                0x000007a4                __exidx_end = .

.rodata         0x000007a4       0x74
 *(.rodata .rodata.* .gnu.linkonce.r.*)
 .rodata.str1.4
                0x000007a4       0x14 .\CortexM3\ARM_GCC_541\Debug\main.o
                                 0x13 (size before relaxing)
 .rodata        0x000007b8       0x2a .\CortexM3\ARM_GCC_541\Debug\cyfitter_cfg.o
 .rodata.str1.1
                0x000007e2        0x2 c:/program files (x86)/cypress/psoc creator/4.1/psoc creator/import/gnu/arm/5.4.1/bin/../lib/gcc/arm-none-eabi/5.4.1/../../../../arm-none-eabi/lib/armv7-m\libg_nano.a(lib_a-impure.o)
                0x000007e4                . = ALIGN (0x4)
 *(.init)
 .init          0x000007e4        0x4 c:/program files (x86)/cypress/psoc creator/4.1/psoc creator/import/gnu/arm/5.4.1/bin/../lib/gcc/arm-none-eabi/5.4.1/armv7-m/crti.o
                0x000007e4                _init
 .init          0x000007e8        0x8 c:/program files (x86)/cypress/psoc creator/4.1/psoc creator/import/gnu/arm/5.4.1/bin/../lib/gcc/arm-none-eabi/5.4.1/armv7-m/crtn.o
                0x000007f0                . = ALIGN (0x4)
                0x000007f0                __preinit_array_start = .
 *(.preinit_array)
                0x000007f0                __preinit_array_end = .
                0x000007f0                . = ALIGN (0x4)
                0x000007f0                __init_array_start = .
 *(SORT(.init_array.*))
 *(.init_array)
 .init_array    0x000007f0        0x4 c:/program files (x86)/cypress/psoc creator/4.1/psoc creator/import/gnu/arm/5.4.1/bin/../lib/gcc/arm-none-eabi/5.4.1/armv7-m/crtbegin.o
 .init_array    0x000007f4        0x4 .\CortexM3\ARM_GCC_541\Debug\Cm3Start.o
                0x000007f8                __init_array_end = .
                0x000007f8                . = ALIGN (0x4)
 *(.fini)
 .fini          0x000007f8        0x4 c:/program files (x86)/cypress/psoc creator/4.1/psoc creator/import/gnu/arm/5.4.1/bin/../lib/gcc/arm-none-eabi/5.4.1/armv7-m/crti.o
                0x000007f8                _fini
 .fini          0x000007fc        0x8 c:/program files (x86)/cypress/psoc creator/4.1/psoc creator/import/gnu/arm/5.4.1/bin/../lib/gcc/arm-none-eabi/5.4.1/armv7-m/crtn.o
                0x00000804                . = ALIGN (0x4)
                0x00000804                __fini_array_start = .
 *(.fini_array)
 .fini_array    0x00000804        0x4 c:/program files (x86)/cypress/psoc creator/4.1/psoc creator/import/gnu/arm/5.4.1/bin/../lib/gcc/arm-none-eabi/5.4.1/armv7-m/crtbegin.o
 *(SORT(.fini_array.*))
                0x00000808                __fini_array_end = .
                0x00000808                . = ALIGN (0x4)
 *crtbegin.o(.ctors)
 *(EXCLUDE_FILE(*crtend.o) .ctors)
 *(SORT(.ctors.*))
 *crtend.o(.ctors)
                0x00000808                . = ALIGN (0x4)
 *crtbegin.o(.dtors)
 *(EXCLUDE_FILE(*crtend.o) .dtors)
 *(SORT(.dtors.*))
 *crtend.o(.dtors)
                0x00000808                . = ALIGN (0x4)
                0x00000808                __cy_regions = .
                0x00000808        0x4 LONG 0x818 __cy_region_init_ram
                0x0000080c        0x4 LONG 0x1fff80c8 __cy_region_start_data
                0x00000810        0x4 LONG 0x878 __cy_region_init_size_ram
                0x00000814        0x4 LONG 0x20 __cy_region_zero_size_ram
                0x00000818                __cy_regions_end = .
                0x00000818                . = ALIGN (0x8)
                0x00000818                _etext = .

.cy_checksum_exclude
                0x00000818        0x0
 *(.cy_checksum_exclude)

.ramvectors     0x1fff8000       0xc0
                0x1fff8000                __cy_region_start_ram = .
 *(.ramvectors)
 .ramvectors    0x1fff8000       0xc0 .\CortexM3\ARM_GCC_541\Debug\Cm3Start.o
                0x1fff8000                CyRamVectors

.noinit         0x1fff80c0        0x1
 *(.noinit)
 .noinit        0x1fff80c0        0x1 .\CortexM3\ARM_GCC_541\Debug\IoT2_labo_SPI.a(CyLib.o)
                0x1fff80c0                CyResetStatus

.data           0x1fff80c8      0x878 load address 0x00000818
                0x1fff80c8                __cy_region_start_data = .
 *(.jcr)
 .jcr           0x1fff80c8        0x0 c:/program files (x86)/cypress/psoc creator/4.1/psoc creator/import/gnu/arm/5.4.1/bin/../lib/gcc/arm-none-eabi/5.4.1/armv7-m/crtbegin.o
 .jcr           0x1fff80c8        0x4 c:/program files (x86)/cypress/psoc creator/4.1/psoc creator/import/gnu/arm/5.4.1/bin/../lib/gcc/arm-none-eabi/5.4.1/armv7-m/crtend.o
 *(.got.plt)
 *(.got)
 *(.shdata)
 *(.data .data.* .gnu.linkonce.d.*)
 .data          0x1fff80cc      0x800 .\CortexM3\ARM_GCC_541\Debug\main.o
                0x1fff80cc                console_font_8x8
 .data          0x1fff88cc       0x10 .\CortexM3\ARM_GCC_541\Debug\IoT2_labo_SPI.a(CyLib.o)
                0x1fff88cc                cydelay_32k_ms
                0x1fff88d0                cydelay_freq_khz
                0x1fff88d4                cydelay_freq_mhz
                0x1fff88d8                cydelay_freq_hz
 .data.impure_data
                0x1fff88dc       0x60 c:/program files (x86)/cypress/psoc creator/4.1/psoc creator/import/gnu/arm/5.4.1/bin/../lib/gcc/arm-none-eabi/5.4.1/../../../../arm-none-eabi/lib/armv7-m\libg_nano.a(lib_a-impure.o)
 .data._impure_ptr
                0x1fff893c        0x4 c:/program files (x86)/cypress/psoc creator/4.1/psoc creator/import/gnu/arm/5.4.1/bin/../lib/gcc/arm-none-eabi/5.4.1/../../../../arm-none-eabi/lib/armv7-m\libg_nano.a(lib_a-impure.o)
                0x1fff893c                _impure_ptr
                0x1fff8940                . = ALIGN (0x8)
 *(.ram)
                0x1fff8940                _edata = .

.igot.plt       0x1fff8940        0x0 load address 0x00001090
 .igot.plt      0x1fff8940        0x0 c:/program files (x86)/cypress/psoc creator/4.1/psoc creator/import/gnu/arm/5.4.1/bin/../lib/gcc/arm-none-eabi/5.4.1/armv7-m/crtbegin.o

.bss            0x1fff8940       0x20 load address 0x00001090
                0x1fff8940                PROVIDE (__bss_start__, .)
 *(.shbss)
 *(.bss .bss.* .gnu.linkonce.b.*)
 .bss           0x1fff8940       0x1c c:/program files (x86)/cypress/psoc creator/4.1/psoc creator/import/gnu/arm/5.4.1/bin/../lib/gcc/arm-none-eabi/5.4.1/armv7-m/crtbegin.o
 .bss           0x1fff895c        0x1 .\CortexM3\ARM_GCC_541\Debug\IoT2_labo_SPI.a(SPIM.o)
                0x1fff895c                SPIM_initVar
 .bss           0x1fff895d        0x2 .\CortexM3\ARM_GCC_541\Debug\IoT2_labo_SPI.a(UART.o)
                0x1fff895d                UART_initVar
 *(COMMON)
                0x1fff8960                . = ALIGN (0x8)
 *fill*         0x1fff895f        0x1 
 *(.ram.b)
                0x1fff8960                _end = .
                0x1fff8960                __end = .
                0x1fff8960                PROVIDE (end, .)
                0x1fff8960                PROVIDE (__bss_end__, .)
                0x00000818                __cy_region_init_ram = LOADADDR (.data)
                0x00000878                __cy_region_init_size_ram = (_edata - ADDR (.data))
                0x00000020                __cy_region_zero_size_ram = (_end - _edata)

.heap           0x1fff8960       0x80 load address 0x00001090
                0x1fff8960                . = _end
                0x1fff89e0                . = (. + 0x80)
 *fill*         0x1fff8960       0x80 
                0x1fff89e0                __cy_heap_limit = .

.stack          0x20007800      0x800
                0x20007800                __cy_stack_limit = .
                0x20008000                . = (. + 0x800)
 *fill*         0x20007800      0x800 
                0x00000001                ASSERT ((__cy_stack_limit >= __cy_heap_limit), region RAM overflowed with stack)
                0x00000000                cy_checksum_exclude_size = (CY_APPL_LOADABLE == 0x1)?SIZEOF (.cy_checksum_exclude):0x0
                0x00000001                ASSERT ((cy_checksum_exclude_size <= CY_CHECKSUM_EXCLUDE_SIZE), CY_BOOT: Section .cy_checksum_exclude size exceedes specified limit.)

.cyloadermeta
 *(.cyloadermeta)

.cyloadablemeta
 *(.cyloadablemeta)

.cyconfigecc    0x80000000      0x650
 *(.cyconfigecc)
 .cyconfigecc   0x80000000      0x650 .\CortexM3\ARM_GCC_541\Debug\cymetadata.o
                0x80000000                cy_meta_configecc

.cycustnvl      0x90000000        0x4
 *(.cycustnvl)
 .cycustnvl     0x90000000        0x4 .\CortexM3\ARM_GCC_541\Debug\cymetadata.o
                0x90000000                cy_meta_custnvl

.cywolatch      0x90100000        0x4
 *(.cywolatch)
 .cywolatch     0x90100000        0x4 .\CortexM3\ARM_GCC_541\Debug\cymetadata.o
                0x90100000                cy_meta_wonvl

.cyeeprom       0x90200000        0x0
 *(.cyeeprom)
                0x00000001                ASSERT ((. <= ((0x90200000 + ee_offset) + ee_size)), .cyeeprom data will not fit in EEPROM)

.cyflashprotect
                0x90400000      0x100
 *(.cyflashprotect)
 .cyflashprotect
                0x90400000      0x100 .\CortexM3\ARM_GCC_541\Debug\cymetadata.o
                0x90400000                cy_meta_flashprotect

.cymeta         0x90500000        0xc
 *(.cymeta)
 .cymeta        0x90500000        0xc .\CortexM3\ARM_GCC_541\Debug\cymetadata.o
                0x90500000                cy_metadata

.rel.dyn        0x00001090        0x0 load address 0x9050000c
 .rel.iplt      0x00001090        0x0 c:/program files (x86)/cypress/psoc creator/4.1/psoc creator/import/gnu/arm/5.4.1/bin/../lib/gcc/arm-none-eabi/5.4.1/armv7-m/crtbegin.o

.stab
 *(.stab)

.stabstr
 *(.stabstr)

.debug
 *(.debug)

.line
 *(.line)

.debug_srcinfo
 *(.debug_srcinfo)

.debug_sfnames
 *(.debug_sfnames)

.debug_aranges  0x00000000      0x850
 *(.debug_aranges)
 .debug_aranges
                0x00000000       0x38 .\CortexM3\ARM_GCC_541\Debug\main.o
 .debug_aranges
                0x00000038       0x58 .\CortexM3\ARM_GCC_541\Debug\cyfitter_cfg.o
 .debug_aranges
                0x00000090       0x18 .\CortexM3\ARM_GCC_541\Debug\cymetadata.o
 .debug_aranges
                0x000000a8       0x48 .\CortexM3\ARM_GCC_541\Debug\Cm3Start.o
 .debug_aranges
                0x000000f0       0xd8 .\CortexM3\ARM_GCC_541\Debug\IoT2_labo_SPI.a(SPIM.o)
 .debug_aranges
                0x000001c8       0x40 .\CortexM3\ARM_GCC_541\Debug\IoT2_labo_SPI.a(SWITCHES.o)
 .debug_aranges
                0x00000208       0x28 .\CortexM3\ARM_GCC_541\Debug\IoT2_labo_SPI.a(LEDS.o)
 .debug_aranges
                0x00000230       0x70 .\CortexM3\ARM_GCC_541\Debug\IoT2_labo_SPI.a(SPIM_IntClock.o)
 .debug_aranges
                0x000002a0      0x2a0 .\CortexM3\ARM_GCC_541\Debug\IoT2_labo_SPI.a(CyLib.o)
 .debug_aranges
                0x00000540       0x98 .\CortexM3\ARM_GCC_541\Debug\IoT2_labo_SPI.a(cyPm.o)
 .debug_aranges
                0x000005d8       0xf0 .\CortexM3\ARM_GCC_541\Debug\IoT2_labo_SPI.a(UART.o)
 .debug_aranges
                0x000006c8       0x70 .\CortexM3\ARM_GCC_541\Debug\IoT2_labo_SPI.a(UART_IntClock.o)
 .debug_aranges
                0x00000738       0x20 .\CortexM3\ARM_GCC_541\Debug\IoT2_labo_SPI.a(CyBootAsmGnu.o)
 .debug_aranges
                0x00000758       0x80 .\CortexM3\ARM_GCC_541\Debug\IoT2_labo_SPI.a(CyFlash.o)
 .debug_aranges
                0x000007d8       0x78 .\CortexM3\ARM_GCC_541\Debug\IoT2_labo_SPI.a(CySpc.o)

.debug_pubnames
 *(.debug_pubnames)

.debug_info     0x00000000     0x496f
 *(.debug_info .gnu.linkonce.wi.*)
 .debug_info    0x00000000      0x407 .\CortexM3\ARM_GCC_541\Debug\main.o
 .debug_info    0x00000407      0x513 .\CortexM3\ARM_GCC_541\Debug\cyfitter_cfg.o
 .debug_info    0x0000091a      0x138 .\CortexM3\ARM_GCC_541\Debug\cymetadata.o
 .debug_info    0x00000a52      0x3bb .\CortexM3\ARM_GCC_541\Debug\Cm3Start.o
 .debug_info    0x00000e0d      0x4d8 .\CortexM3\ARM_GCC_541\Debug\IoT2_labo_SPI.a(SPIM.o)
 .debug_info    0x000012e5      0x17f .\CortexM3\ARM_GCC_541\Debug\IoT2_labo_SPI.a(SWITCHES.o)
 .debug_info    0x00001464       0xd6 .\CortexM3\ARM_GCC_541\Debug\IoT2_labo_SPI.a(LEDS.o)
 .debug_info    0x0000153a      0x283 .\CortexM3\ARM_GCC_541\Debug\IoT2_labo_SPI.a(SPIM_IntClock.o)
 .debug_info    0x000017bd     0x1374 .\CortexM3\ARM_GCC_541\Debug\IoT2_labo_SPI.a(CyLib.o)
 .debug_info    0x00002b31      0xa2a .\CortexM3\ARM_GCC_541\Debug\IoT2_labo_SPI.a(cyPm.o)
 .debug_info    0x0000355b      0x60c .\CortexM3\ARM_GCC_541\Debug\IoT2_labo_SPI.a(UART.o)
 .debug_info    0x00003b67      0x283 .\CortexM3\ARM_GCC_541\Debug\IoT2_labo_SPI.a(UART_IntClock.o)
 .debug_info    0x00003dea       0xe4 .\CortexM3\ARM_GCC_541\Debug\IoT2_labo_SPI.a(CyBootAsmGnu.o)
 .debug_info    0x00003ece      0x5b8 .\CortexM3\ARM_GCC_541\Debug\IoT2_labo_SPI.a(CyFlash.o)
 .debug_info    0x00004486      0x4e9 .\CortexM3\ARM_GCC_541\Debug\IoT2_labo_SPI.a(CySpc.o)

.debug_abbrev   0x00000000     0x1342
 *(.debug_abbrev)
 .debug_abbrev  0x00000000      0x14c .\CortexM3\ARM_GCC_541\Debug\main.o
 .debug_abbrev  0x0000014c      0x1fe .\CortexM3\ARM_GCC_541\Debug\cyfitter_cfg.o
 .debug_abbrev  0x0000034a       0x77 .\CortexM3\ARM_GCC_541\Debug\cymetadata.o
 .debug_abbrev  0x000003c1      0x1e8 .\CortexM3\ARM_GCC_541\Debug\Cm3Start.o
 .debug_abbrev  0x000005a9      0x146 .\CortexM3\ARM_GCC_541\Debug\IoT2_labo_SPI.a(SPIM.o)
 .debug_abbrev  0x000006ef       0xac .\CortexM3\ARM_GCC_541\Debug\IoT2_labo_SPI.a(SWITCHES.o)
 .debug_abbrev  0x0000079b       0x81 .\CortexM3\ARM_GCC_541\Debug\IoT2_labo_SPI.a(LEDS.o)
 .debug_abbrev  0x0000081c      0x139 .\CortexM3\ARM_GCC_541\Debug\IoT2_labo_SPI.a(SPIM_IntClock.o)
 .debug_abbrev  0x00000955      0x254 .\CortexM3\ARM_GCC_541\Debug\IoT2_labo_SPI.a(CyLib.o)
 .debug_abbrev  0x00000ba9      0x1ab .\CortexM3\ARM_GCC_541\Debug\IoT2_labo_SPI.a(cyPm.o)
 .debug_abbrev  0x00000d54      0x175 .\CortexM3\ARM_GCC_541\Debug\IoT2_labo_SPI.a(UART.o)
 .debug_abbrev  0x00000ec9      0x139 .\CortexM3\ARM_GCC_541\Debug\IoT2_labo_SPI.a(UART_IntClock.o)
 .debug_abbrev  0x00001002       0x14 .\CortexM3\ARM_GCC_541\Debug\IoT2_labo_SPI.a(CyBootAsmGnu.o)
 .debug_abbrev  0x00001016      0x198 .\CortexM3\ARM_GCC_541\Debug\IoT2_labo_SPI.a(CyFlash.o)
 .debug_abbrev  0x000011ae      0x194 .\CortexM3\ARM_GCC_541\Debug\IoT2_labo_SPI.a(CySpc.o)

.debug_line     0x00000000     0x2090
 *(.debug_line)
 .debug_line    0x00000000      0x21b .\CortexM3\ARM_GCC_541\Debug\main.o
 .debug_line    0x0000021b      0x1dd .\CortexM3\ARM_GCC_541\Debug\cyfitter_cfg.o
 .debug_line    0x000003f8      0x141 .\CortexM3\ARM_GCC_541\Debug\cymetadata.o
 .debug_line    0x00000539      0x234 .\CortexM3\ARM_GCC_541\Debug\Cm3Start.o
 .debug_line    0x0000076d      0x247 .\CortexM3\ARM_GCC_541\Debug\IoT2_labo_SPI.a(SPIM.o)
 .debug_line    0x000009b4       0xb4 .\CortexM3\ARM_GCC_541\Debug\IoT2_labo_SPI.a(SWITCHES.o)
 .debug_line    0x00000a68       0x6c .\CortexM3\ARM_GCC_541\Debug\IoT2_labo_SPI.a(LEDS.o)
 .debug_line    0x00000ad4      0x17c .\CortexM3\ARM_GCC_541\Debug\IoT2_labo_SPI.a(SPIM_IntClock.o)
 .debug_line    0x00000c50      0x816 .\CortexM3\ARM_GCC_541\Debug\IoT2_labo_SPI.a(CyLib.o)
 .debug_line    0x00001466      0x367 .\CortexM3\ARM_GCC_541\Debug\IoT2_labo_SPI.a(cyPm.o)
 .debug_line    0x000017cd      0x2bc .\CortexM3\ARM_GCC_541\Debug\IoT2_labo_SPI.a(UART.o)
 .debug_line    0x00001a89      0x17c .\CortexM3\ARM_GCC_541\Debug\IoT2_labo_SPI.a(UART_IntClock.o)
 .debug_line    0x00001c05       0x66 .\CortexM3\ARM_GCC_541\Debug\IoT2_labo_SPI.a(CyBootAsmGnu.o)
 .debug_line    0x00001c6b      0x1e9 .\CortexM3\ARM_GCC_541\Debug\IoT2_labo_SPI.a(CyFlash.o)
 .debug_line    0x00001e54      0x23c .\CortexM3\ARM_GCC_541\Debug\IoT2_labo_SPI.a(CySpc.o)

.debug_frame    0x00000000     0x1584
 *(.debug_frame)
 .debug_frame   0x00000000       0x88 .\CortexM3\ARM_GCC_541\Debug\main.o
 .debug_frame   0x00000088       0xe4 .\CortexM3\ARM_GCC_541\Debug\cyfitter_cfg.o
 .debug_frame   0x0000016c       0xb8 .\CortexM3\ARM_GCC_541\Debug\Cm3Start.o
 .debug_frame   0x00000224      0x1e8 .\CortexM3\ARM_GCC_541\Debug\IoT2_labo_SPI.a(SPIM.o)
 .debug_frame   0x0000040c       0x78 .\CortexM3\ARM_GCC_541\Debug\IoT2_labo_SPI.a(SWITCHES.o)
 .debug_frame   0x00000484       0x30 .\CortexM3\ARM_GCC_541\Debug\IoT2_labo_SPI.a(LEDS.o)
 .debug_frame   0x000004b4       0xe0 .\CortexM3\ARM_GCC_541\Debug\IoT2_labo_SPI.a(SPIM_IntClock.o)
 .debug_frame   0x00000594      0x738 .\CortexM3\ARM_GCC_541\Debug\IoT2_labo_SPI.a(CyLib.o)
 .debug_frame   0x00000ccc      0x1f8 .\CortexM3\ARM_GCC_541\Debug\IoT2_labo_SPI.a(cyPm.o)
 .debug_frame   0x00000ec4      0x250 .\CortexM3\ARM_GCC_541\Debug\IoT2_labo_SPI.a(UART.o)
 .debug_frame   0x00001114       0xe0 .\CortexM3\ARM_GCC_541\Debug\IoT2_labo_SPI.a(UART_IntClock.o)
 .debug_frame   0x000011f4      0x174 .\CortexM3\ARM_GCC_541\Debug\IoT2_labo_SPI.a(CyFlash.o)
 .debug_frame   0x00001368      0x160 .\CortexM3\ARM_GCC_541\Debug\IoT2_labo_SPI.a(CySpc.o)
 .debug_frame   0x000014c8       0x20 c:/program files (x86)/cypress/psoc creator/4.1/psoc creator/import/gnu/arm/5.4.1/bin/../lib/gcc/arm-none-eabi/5.4.1/../../../../arm-none-eabi/lib/armv7-m\libg_nano.a(lib_a-errno.o)
 .debug_frame   0x000014e8       0x28 c:/program files (x86)/cypress/psoc creator/4.1/psoc creator/import/gnu/arm/5.4.1/bin/../lib/gcc/arm-none-eabi/5.4.1/../../../../arm-none-eabi/lib/armv7-m\libg_nano.a(lib_a-exit.o)
 .debug_frame   0x00001510       0x2c c:/program files (x86)/cypress/psoc creator/4.1/psoc creator/import/gnu/arm/5.4.1/bin/../lib/gcc/arm-none-eabi/5.4.1/../../../../arm-none-eabi/lib/armv7-m\libg_nano.a(lib_a-init.o)
 .debug_frame   0x0000153c       0x28 c:/program files (x86)/cypress/psoc creator/4.1/psoc creator/import/gnu/arm/5.4.1/bin/../lib/gcc/arm-none-eabi/5.4.1/../../../../arm-none-eabi/lib/armv7-m\libg_nano.a(lib_a-memcpy-stub.o)
 .debug_frame   0x00001564       0x20 c:/program files (x86)/cypress/psoc creator/4.1/psoc creator/import/gnu/arm/5.4.1/bin/../lib/gcc/arm-none-eabi/5.4.1/../../../../arm-none-eabi/lib/armv7-m\libg_nano.a(lib_a-memset.o)

.debug_str      0x00000000     0x1b85
 *(.debug_str)
 .debug_str     0x00000000      0x2a6 .\CortexM3\ARM_GCC_541\Debug\main.o
                                0x2f3 (size before relaxing)
 .debug_str     0x000002a6      0x17a .\CortexM3\ARM_GCC_541\Debug\cyfitter_cfg.o
                                0x363 (size before relaxing)
 .debug_str     0x00000420       0x7f .\CortexM3\ARM_GCC_541\Debug\cymetadata.o
                                0x238 (size before relaxing)
 .debug_str     0x0000049f      0x144 .\CortexM3\ARM_GCC_541\Debug\Cm3Start.o
                                0x35e (size before relaxing)
 .debug_str     0x000005e3      0x253 .\CortexM3\ARM_GCC_541\Debug\IoT2_labo_SPI.a(SPIM.o)
                                0x46d (size before relaxing)
 .debug_str     0x00000836       0x8e .\CortexM3\ARM_GCC_541\Debug\IoT2_labo_SPI.a(SWITCHES.o)
                                0x2a3 (size before relaxing)
 .debug_str     0x000008c4       0x30 .\CortexM3\ARM_GCC_541\Debug\IoT2_labo_SPI.a(LEDS.o)
                                0x200 (size before relaxing)
 .debug_str     0x000008f4      0x189 .\CortexM3\ARM_GCC_541\Debug\IoT2_labo_SPI.a(SPIM_IntClock.o)
                                0x38a (size before relaxing)
 .debug_str     0x00000a7d      0x7f1 .\CortexM3\ARM_GCC_541\Debug\IoT2_labo_SPI.a(CyLib.o)
                                0xa9b (size before relaxing)
 .debug_str     0x0000126e      0x365 .\CortexM3\ARM_GCC_541\Debug\IoT2_labo_SPI.a(cyPm.o)
                                0x787 (size before relaxing)
 .debug_str     0x000015d3      0x239 .\CortexM3\ARM_GCC_541\Debug\IoT2_labo_SPI.a(UART.o)
                                0x4c9 (size before relaxing)
 .debug_str     0x0000180c      0x138 .\CortexM3\ARM_GCC_541\Debug\IoT2_labo_SPI.a(UART_IntClock.o)
                                0x38a (size before relaxing)
 .debug_str     0x00001944      0x195 .\CortexM3\ARM_GCC_541\Debug\IoT2_labo_SPI.a(CyFlash.o)
                                0x3f5 (size before relaxing)
 .debug_str     0x00001ad9       0xac .\CortexM3\ARM_GCC_541\Debug\IoT2_labo_SPI.a(CySpc.o)
                                0x37e (size before relaxing)

.debug_loc      0x00000000     0x1f12
 *(.debug_loc)
 .debug_loc     0x00000000       0xd5 .\CortexM3\ARM_GCC_541\Debug\main.o
 .debug_loc     0x000000d5      0x1d7 .\CortexM3\ARM_GCC_541\Debug\cyfitter_cfg.o
 .debug_loc     0x000002ac      0x144 .\CortexM3\ARM_GCC_541\Debug\Cm3Start.o
 .debug_loc     0x000003f0       0xfe .\CortexM3\ARM_GCC_541\Debug\IoT2_labo_SPI.a(SPIM.o)
 .debug_loc     0x000004ee       0x44 .\CortexM3\ARM_GCC_541\Debug\IoT2_labo_SPI.a(SWITCHES.o)
 .debug_loc     0x00000532      0x12c .\CortexM3\ARM_GCC_541\Debug\IoT2_labo_SPI.a(SPIM_IntClock.o)
 .debug_loc     0x0000065e      0xa11 .\CortexM3\ARM_GCC_541\Debug\IoT2_labo_SPI.a(CyLib.o)
 .debug_loc     0x0000106f      0x1e4 .\CortexM3\ARM_GCC_541\Debug\IoT2_labo_SPI.a(cyPm.o)
 .debug_loc     0x00001253      0x258 .\CortexM3\ARM_GCC_541\Debug\IoT2_labo_SPI.a(UART.o)
 .debug_loc     0x000014ab      0x128 .\CortexM3\ARM_GCC_541\Debug\IoT2_labo_SPI.a(UART_IntClock.o)
 .debug_loc     0x000015d3      0x2f2 .\CortexM3\ARM_GCC_541\Debug\IoT2_labo_SPI.a(CyFlash.o)
 .debug_loc     0x000018c5      0x64d .\CortexM3\ARM_GCC_541\Debug\IoT2_labo_SPI.a(CySpc.o)

.debug_macinfo
 *(.debug_macinfo)

.debug_ranges   0x00000000      0x748
 *(.debug_ranges)
 .debug_ranges  0x00000000       0x28 .\CortexM3\ARM_GCC_541\Debug\main.o
 .debug_ranges  0x00000028       0x48 .\CortexM3\ARM_GCC_541\Debug\cyfitter_cfg.o
 .debug_ranges  0x00000070       0x38 .\CortexM3\ARM_GCC_541\Debug\Cm3Start.o
 .debug_ranges  0x000000a8       0xc8 .\CortexM3\ARM_GCC_541\Debug\IoT2_labo_SPI.a(SPIM.o)
 .debug_ranges  0x00000170       0x30 .\CortexM3\ARM_GCC_541\Debug\IoT2_labo_SPI.a(SWITCHES.o)
 .debug_ranges  0x000001a0       0x18 .\CortexM3\ARM_GCC_541\Debug\IoT2_labo_SPI.a(LEDS.o)
 .debug_ranges  0x000001b8       0x60 .\CortexM3\ARM_GCC_541\Debug\IoT2_labo_SPI.a(SPIM_IntClock.o)
 .debug_ranges  0x00000218      0x290 .\CortexM3\ARM_GCC_541\Debug\IoT2_labo_SPI.a(CyLib.o)
 .debug_ranges  0x000004a8       0x88 .\CortexM3\ARM_GCC_541\Debug\IoT2_labo_SPI.a(cyPm.o)
 .debug_ranges  0x00000530       0xe0 .\CortexM3\ARM_GCC_541\Debug\IoT2_labo_SPI.a(UART.o)
 .debug_ranges  0x00000610       0x60 .\CortexM3\ARM_GCC_541\Debug\IoT2_labo_SPI.a(UART_IntClock.o)
 .debug_ranges  0x00000670       0x70 .\CortexM3\ARM_GCC_541\Debug\IoT2_labo_SPI.a(CyFlash.o)
 .debug_ranges  0x000006e0       0x68 .\CortexM3\ARM_GCC_541\Debug\IoT2_labo_SPI.a(CySpc.o)

.comment        0x00000000       0x6e
 .comment       0x00000000       0x6e .\CortexM3\ARM_GCC_541\Debug\main.o
                                 0x6f (size before relaxing)
 .comment       0x0000006e       0x6f .\CortexM3\ARM_GCC_541\Debug\cyfitter_cfg.o
 .comment       0x0000006e       0x6f .\CortexM3\ARM_GCC_541\Debug\cymetadata.o
 .comment       0x0000006e       0x6f .\CortexM3\ARM_GCC_541\Debug\Cm3Start.o
 .comment       0x0000006e       0x6f .\CortexM3\ARM_GCC_541\Debug\IoT2_labo_SPI.a(SPIM.o)
 .comment       0x0000006e       0x6f .\CortexM3\ARM_GCC_541\Debug\IoT2_labo_SPI.a(SWITCHES.o)
 .comment       0x0000006e       0x6f .\CortexM3\ARM_GCC_541\Debug\IoT2_labo_SPI.a(LEDS.o)
 .comment       0x0000006e       0x6f .\CortexM3\ARM_GCC_541\Debug\IoT2_labo_SPI.a(SPIM_IntClock.o)
 .comment       0x0000006e       0x6f .\CortexM3\ARM_GCC_541\Debug\IoT2_labo_SPI.a(CyLib.o)
 .comment       0x0000006e       0x6f .\CortexM3\ARM_GCC_541\Debug\IoT2_labo_SPI.a(cyPm.o)
 .comment       0x0000006e       0x6f .\CortexM3\ARM_GCC_541\Debug\IoT2_labo_SPI.a(UART.o)
 .comment       0x0000006e       0x6f .\CortexM3\ARM_GCC_541\Debug\IoT2_labo_SPI.a(UART_IntClock.o)
 .comment       0x0000006e       0x6f .\CortexM3\ARM_GCC_541\Debug\IoT2_labo_SPI.a(CyFlash.o)
 .comment       0x0000006e       0x6f .\CortexM3\ARM_GCC_541\Debug\IoT2_labo_SPI.a(CySpc.o)

.debug_weaknames
 *(.debug_weaknames)

.debug_funcnames
 *(.debug_funcnames)

.debug_typenames
 *(.debug_typenames)

.debug_varnames
 *(.debug_varnames)

.note.gnu.arm.ident
 *(.note.gnu.arm.ident)

.ARM.attributes
                0x00000000       0x29
 *(.ARM.attributes)
 .ARM.attributes
                0x00000000       0x1d c:/program files (x86)/cypress/psoc creator/4.1/psoc creator/import/gnu/arm/5.4.1/bin/../lib/gcc/arm-none-eabi/5.4.1/armv7-m/crti.o
 .ARM.attributes
                0x0000001d       0x2d c:/program files (x86)/cypress/psoc creator/4.1/psoc creator/import/gnu/arm/5.4.1/bin/../lib/gcc/arm-none-eabi/5.4.1/armv7-m/crtbegin.o
 .ARM.attributes
                0x0000004a       0x1b c:/program files (x86)/cypress/psoc creator/4.1/psoc creator/import/gnu/arm/5.4.1/bin/../lib/gcc/arm-none-eabi/5.4.1/../../../../arm-none-eabi/lib/armv7-m/crt0.o
 .ARM.attributes
                0x00000065       0x33 .\CortexM3\ARM_GCC_541\Debug\main.o
 .ARM.attributes
                0x00000098       0x33 .\CortexM3\ARM_GCC_541\Debug\cyfitter_cfg.o
 .ARM.attributes
                0x000000cb       0x33 .\CortexM3\ARM_GCC_541\Debug\cymetadata.o
 .ARM.attributes
                0x000000fe       0x33 .\CortexM3\ARM_GCC_541\Debug\Cm3Start.o
 .ARM.attributes
                0x00000131       0x33 .\CortexM3\ARM_GCC_541\Debug\IoT2_labo_SPI.a(SPIM.o)
 .ARM.attributes
                0x00000164       0x33 .\CortexM3\ARM_GCC_541\Debug\IoT2_labo_SPI.a(SWITCHES.o)
 .ARM.attributes
                0x00000197       0x33 .\CortexM3\ARM_GCC_541\Debug\IoT2_labo_SPI.a(LEDS.o)
 .ARM.attributes
                0x000001ca       0x33 .\CortexM3\ARM_GCC_541\Debug\IoT2_labo_SPI.a(SPIM_IntClock.o)
 .ARM.attributes
                0x000001fd       0x33 .\CortexM3\ARM_GCC_541\Debug\IoT2_labo_SPI.a(CyLib.o)
 .ARM.attributes
                0x00000230       0x33 .\CortexM3\ARM_GCC_541\Debug\IoT2_labo_SPI.a(cyPm.o)
 .ARM.attributes
                0x00000263       0x33 .\CortexM3\ARM_GCC_541\Debug\IoT2_labo_SPI.a(UART.o)
 .ARM.attributes
                0x00000296       0x33 .\CortexM3\ARM_GCC_541\Debug\IoT2_labo_SPI.a(UART_IntClock.o)
 .ARM.attributes
                0x000002c9       0x21 .\CortexM3\ARM_GCC_541\Debug\IoT2_labo_SPI.a(CyBootAsmGnu.o)
 .ARM.attributes
                0x000002ea       0x33 .\CortexM3\ARM_GCC_541\Debug\IoT2_labo_SPI.a(CyFlash.o)
 .ARM.attributes
                0x0000031d       0x33 .\CortexM3\ARM_GCC_541\Debug\IoT2_labo_SPI.a(CySpc.o)
 .ARM.attributes
                0x00000350       0x2d c:/program files (x86)/cypress/psoc creator/4.1/psoc creator/import/gnu/arm/5.4.1/bin/../lib/gcc/arm-none-eabi/5.4.1/../../../../arm-none-eabi/lib/armv7-m\libg_nano.a(lib_a-errno.o)
 .ARM.attributes
                0x0000037d       0x2d c:/program files (x86)/cypress/psoc creator/4.1/psoc creator/import/gnu/arm/5.4.1/bin/../lib/gcc/arm-none-eabi/5.4.1/../../../../arm-none-eabi/lib/armv7-m\libg_nano.a(lib_a-exit.o)
 .ARM.attributes
                0x000003aa       0x2d c:/program files (x86)/cypress/psoc creator/4.1/psoc creator/import/gnu/arm/5.4.1/bin/../lib/gcc/arm-none-eabi/5.4.1/../../../../arm-none-eabi/lib/armv7-m\libg_nano.a(lib_a-impure.o)
 .ARM.attributes
                0x000003d7       0x2d c:/program files (x86)/cypress/psoc creator/4.1/psoc creator/import/gnu/arm/5.4.1/bin/../lib/gcc/arm-none-eabi/5.4.1/../../../../arm-none-eabi/lib/armv7-m\libg_nano.a(lib_a-init.o)
 .ARM.attributes
                0x00000404       0x2d c:/program files (x86)/cypress/psoc creator/4.1/psoc creator/import/gnu/arm/5.4.1/bin/../lib/gcc/arm-none-eabi/5.4.1/../../../../arm-none-eabi/lib/armv7-m\libg_nano.a(lib_a-memcpy-stub.o)
 .ARM.attributes
                0x00000431       0x2d c:/program files (x86)/cypress/psoc creator/4.1/psoc creator/import/gnu/arm/5.4.1/bin/../lib/gcc/arm-none-eabi/5.4.1/../../../../arm-none-eabi/lib/armv7-m\libg_nano.a(lib_a-memset.o)
 .ARM.attributes
                0x0000045e       0x2d c:/program files (x86)/cypress/psoc creator/4.1/psoc creator/import/gnu/arm/5.4.1/bin/../lib/gcc/arm-none-eabi/5.4.1/armv7-m/crtend.o
 .ARM.attributes
                0x0000048b       0x1d c:/program files (x86)/cypress/psoc creator/4.1/psoc creator/import/gnu/arm/5.4.1/bin/../lib/gcc/arm-none-eabi/5.4.1/armv7-m/crtn.o

/DISCARD/
 *(.note.GNU-stack)
OUTPUT(C:\Users\basile.berckmoes\Documents\GitHub\InternetOfThings2\Labo3\IoT2_labo_SPI_opg1\IoT2_labo_SPI_opg1_start\IoT2_labo_SPI_opg1\IoT2_labo_SPI.cydsn\CortexM3\ARM_GCC_541\Debug\IoT2_labo_SPI.elf elf32-littlearm)
